../Core/Src/main.c:243:6:DebugSDState	80	static
../Core/Src/main.c:266:6:TestInputsOnly	8	static
../Core/Src/main.c:271:6:TestInputsAndDisplay	16	static
../Core/Src/main.c:287:6:TestSD	32	static
../Core/Src/main.c:314:6:PlayMP3	16	static
../Core/Src/main.c:329:6:PlayMP3FromFolder	72	static
../Core/Src/main.c:361:6:PlaySingleTestSong	32	static
../Core/Src/main.c:395:6:DebugListRoot	120	static
../Core/Src/main.c:422:6:PlayFirstSongInFolder	112	static
../Core/Src/main.c:473:5:main	192	static
../Core/Src/main.c:710:6:SystemClock_Config	96	static
../Core/Src/main.c:770:6:PeriphCommonClock_Config	152	static
../Core/Src/main.c:801:13:MX_ADC1_Init	48	static
../Core/Src/main.c:868:13:MX_CRC_Init	8	static
../Core/Src/main.c:899:13:MX_I2C1_Init	8	static
../Core/Src/main.c:947:13:MX_LPUART1_UART_Init	8	static
../Core/Src/main.c:980:13:MX_SAI1_Init	8	static
../Core/Src/main.c:1016:13:MX_SDMMC1_SD_Init	8	static
../Core/Src/main.c:1048:13:MX_TIM1_Init	40	static
../Core/Src/main.c:1093:13:MX_DMA_Init	16	static
../Core/Src/main.c:1121:13:MX_GPIO_Init	64	static
../Core/Src/main.c:1214:14:mp3_read_callback	32	static
../Core/Src/main.c:1227:6:HAL_SAI_TxHalfCpltCallback	16	static
../Core/Src/main.c:1232:6:HAL_SAI_TxCpltCallback	16	static
../Core/Src/main.c:1237:6:HAL_GPIO_EXTI_Callback	24	static
../Core/Src/main.c:1263:6:Error_Handler	4	static,ignoring_inline_asm
