Archive member included to satisfy reference by file (symbol)

C:\Users\Deven\Documents\Projects\Firmware\device-stm32\Firmware-STM32CubeIDE\Middlewares\ST\STM32_Audio\Codecs\SpiritDSP_MP3_Dec\lib\lib_mp3decoder_cortex_m4_v2.2.0.a(mp3d_htab_armv4.o)
                              ./Core/Src/main.o (SpiritMP3DecoderInit)
C:\Users\Deven\Documents\Projects\Firmware\device-stm32\Firmware-STM32CubeIDE\Middlewares\ST\STM32_Audio\Codecs\SpiritDSP_MP3_Dec\lib\lib_mp3decoder_cortex_m4_v2.2.0.a(mp3d_bitio_armv4.o)
                              C:\Users\Deven\Documents\Projects\Firmware\device-stm32\Firmware-STM32CubeIDE\Middlewares\ST\STM32_Audio\Codecs\SpiritDSP_MP3_Dec\lib\lib_mp3decoder_cortex_m4_v2.2.0.a(mp3d_htab_armv4.o) (MP3D_SPCORP_Symbol_006)
C:\Users\Deven\Documents\Projects\Firmware\device-stm32\Firmware-STM32CubeIDE\Middlewares\ST\STM32_Audio\Codecs\SpiritDSP_MP3_Dec\lib\lib_mp3decoder_cortex_m4_v2.2.0.a(mp3d_copypcmsamples_armv4.o)
                              C:\Users\Deven\Documents\Projects\Firmware\device-stm32\Firmware-STM32CubeIDE\Middlewares\ST\STM32_Audio\Codecs\SpiritDSP_MP3_Dec\lib\lib_mp3decoder_cortex_m4_v2.2.0.a(mp3d_htab_armv4.o) (MP3D_SPCORP_Symbol_013)
C:\Users\Deven\Documents\Projects\Firmware\device-stm32\Firmware-STM32CubeIDE\Middlewares\ST\STM32_Audio\Codecs\SpiritDSP_MP3_Dec\lib\lib_mp3decoder_cortex_m4_v2.2.0.a(mp3d_dealias_armv5e.o)
                              C:\Users\Deven\Documents\Projects\Firmware\device-stm32\Firmware-STM32CubeIDE\Middlewares\ST\STM32_Audio\Codecs\SpiritDSP_MP3_Dec\lib\lib_mp3decoder_cortex_m4_v2.2.0.a(mp3d_htab_armv4.o) (MP3D_SPCORP_Symbol_001)
C:\Users\Deven\Documents\Projects\Firmware\device-stm32\Firmware-STM32CubeIDE\Middlewares\ST\STM32_Audio\Codecs\SpiritDSP_MP3_Dec\lib\lib_mp3decoder_cortex_m4_v2.2.0.a(mp3d_huffdec_armv7e-m.o)
                              C:\Users\Deven\Documents\Projects\Firmware\device-stm32\Firmware-STM32CubeIDE\Middlewares\ST\STM32_Audio\Codecs\SpiritDSP_MP3_Dec\lib\lib_mp3decoder_cortex_m4_v2.2.0.a(mp3d_htab_armv4.o) (MP3D_SPCORP_Symbol_027)
C:\Users\Deven\Documents\Projects\Firmware\device-stm32\Firmware-STM32CubeIDE\Middlewares\ST\STM32_Audio\Codecs\SpiritDSP_MP3_Dec\lib\lib_mp3decoder_cortex_m4_v2.2.0.a(mp3d_imdct3612_armv5e.o)
                              C:\Users\Deven\Documents\Projects\Firmware\device-stm32\Firmware-STM32CubeIDE\Middlewares\ST\STM32_Audio\Codecs\SpiritDSP_MP3_Dec\lib\lib_mp3decoder_cortex_m4_v2.2.0.a(mp3d_htab_armv4.o) (MP3D_SPCORP_Symbol_028)
C:\Users\Deven\Documents\Projects\Firmware\device-stm32\Firmware-STM32CubeIDE\Middlewares\ST\STM32_Audio\Codecs\SpiritDSP_MP3_Dec\lib\lib_mp3decoder_cortex_m4_v2.2.0.a(mp3d_reorder_armv4.o)
                              C:\Users\Deven\Documents\Projects\Firmware\device-stm32\Firmware-STM32CubeIDE\Middlewares\ST\STM32_Audio\Codecs\SpiritDSP_MP3_Dec\lib\lib_mp3decoder_cortex_m4_v2.2.0.a(mp3d_htab_armv4.o) (MP3D_SPCORP_Symbol_032)
C:\Users\Deven\Documents\Projects\Firmware\device-stm32\Firmware-STM32CubeIDE\Middlewares\ST\STM32_Audio\Codecs\SpiritDSP_MP3_Dec\lib\lib_mp3decoder_cortex_m4_v2.2.0.a(mp3d_stereo_armv4.o)
                              C:\Users\Deven\Documents\Projects\Firmware\device-stm32\Firmware-STM32CubeIDE\Middlewares\ST\STM32_Audio\Codecs\SpiritDSP_MP3_Dec\lib\lib_mp3decoder_cortex_m4_v2.2.0.a(mp3d_htab_armv4.o) (MP3D_SPCORP_Symbol_031)
C:\Users\Deven\Documents\Projects\Firmware\device-stm32\Firmware-STM32CubeIDE\Middlewares\ST\STM32_Audio\Codecs\SpiritDSP_MP3_Dec\lib\lib_mp3decoder_cortex_m4_v2.2.0.a(mp3d_synfilt_armv7e-m.o)
                              C:\Users\Deven\Documents\Projects\Firmware\device-stm32\Firmware-STM32CubeIDE\Middlewares\ST\STM32_Audio\Codecs\SpiritDSP_MP3_Dec\lib\lib_mp3decoder_cortex_m4_v2.2.0.a(mp3d_htab_armv4.o) (MP3D_SPCORP_Symbol_033)
C:/ST/STM32CubeIDE_2.1.0/STM32CubeIDE/plugins/com.st.stm32cube.ide.mcu.externaltools.gnu-tools-for-stm32.14.3.rel1.win32_1.0.100.202602081740/tools/bin/../lib/gcc/arm-none-eabi/14.3.1/../../../../arm-none-eabi/lib/thumb/v7e-m/nofp\libc_nano.a(libc_a-exit.o)
                              C:/ST/STM32CubeIDE_2.1.0/STM32CubeIDE/plugins/com.st.stm32cube.ide.mcu.externaltools.gnu-tools-for-stm32.14.3.rel1.win32_1.0.100.202602081740/tools/bin/../lib/gcc/arm-none-eabi/14.3.1/../../../../arm-none-eabi/lib/thumb/v7e-m/nofp/crt0.o (exit)
C:/ST/STM32CubeIDE_2.1.0/STM32CubeIDE/plugins/com.st.stm32cube.ide.mcu.externaltools.gnu-tools-for-stm32.14.3.rel1.win32_1.0.100.202602081740/tools/bin/../lib/gcc/arm-none-eabi/14.3.1/../../../../arm-none-eabi/lib/thumb/v7e-m/nofp\libc_nano.a(libc_a-malloc.o)
                              ./Middlewares/ST/STM32_USB_Host_Library/Class/AUDIO/Src/usbh_audio.o (malloc)
C:/ST/STM32CubeIDE_2.1.0/STM32CubeIDE/plugins/com.st.stm32cube.ide.mcu.externaltools.gnu-tools-for-stm32.14.3.rel1.win32_1.0.100.202602081740/tools/bin/../lib/gcc/arm-none-eabi/14.3.1/../../../../arm-none-eabi/lib/thumb/v7e-m/nofp\libc_nano.a(libc_a-mallocr.o)
[...]
Memory Configuration

Name             Origin             Length             Attributes
RAM              0x20000000         0x00040000         xrw
RAM2             0x10000000         0x00010000         xrw
FLASH            0x08000000         0x00100000         xr
*default*        0x00000000         0xffffffff

Linker script and memory map

LOAD C:/ST/STM32CubeIDE_2.1.0/STM32CubeIDE/plugins/com.st.stm32cube.ide.mcu.externaltools.gnu-tools-for-stm32.14.3.rel1.win32_1.0.100.202602081740/tools/bin/../lib/gcc/arm-none-eabi/14.3.1/thumb/v7e-m/nofp/crti.o
LOAD C:/ST/STM32CubeIDE_2.1.0/STM32CubeIDE/plugins/com.st.stm32cube.ide.mcu.externaltools.gnu-tools-for-stm32.14.3.rel1.win32_1.0.100.202602081740/tools/bin/../lib/gcc/arm-none-eabi/14.3.1/thumb/v7e-m/nofp/crtbegin.o
LOAD C:/ST/STM32CubeIDE_2.1.0/STM32CubeIDE/plugins/com.st.stm32cube.ide.mcu.externaltools.gnu-tools-for-stm32.14.3.rel1.win32_1.0.100.202602081740/tools/bin/../lib/gcc/arm-none-eabi/14.3.1/../../../../arm-none-eabi/lib/thumb/v7e-m/nofp/crt0.o
LOAD ./Core/Src/display.o
LOAD ./Core/Src/main.o
LOAD ./Core/Src/ssd1306.o
LOAD ./Core/Src/ssd1306_fonts.o
LOAD ./Core/Src/ssd1306_tests.o
LOAD ./Core/Src/stm32l4xx_hal_msp.o
LOAD ./Core/Src/stm32l4xx_it.o
LOAD ./Core/Src/syscalls.o
LOAD ./Core/Src/sysmem.o
LOAD ./Core/Src/system_stm32l4xx.o
LOAD ./Core/Startup/startup_stm32l496zgtxp.o
LOAD ./Drivers/STM32L4xx_HAL_Driver/Src/stm32l4xx_hal.o
LOAD ./Drivers/STM32L4xx_HAL_Driver/Src/stm32l4xx_hal_adc.o
LOAD ./Drivers/STM32L4xx_HAL_Driver/Src/stm32l4xx_hal_adc_ex.o
LOAD ./Drivers/STM32L4xx_HAL_Driver/Src/stm32l4xx_hal_cortex.o
LOAD ./Drivers/STM32L4xx_HAL_Driver/Src/stm32l4xx_hal_crc.o
LOAD ./Drivers/STM32L4xx_HAL_Driver/Src/stm32l4xx_hal_crc_ex.o
LOAD ./Drivers/STM32L4xx_HAL_Driver/Src/stm32l4xx_hal_dma.o
LOAD ./Drivers/STM32L4xx_HAL_Driver/Src/stm32l4xx_hal_dma_ex.o
LOAD ./Drivers/STM32L4xx_HAL_Driver/Src/stm32l4xx_hal_exti.o
LOAD ./Drivers/STM32L4xx_HAL_Driver/Src/stm32l4xx_hal_flash.o
LOAD ./Drivers/STM32L4xx_HAL_Driver/Src/stm32l4xx_hal_flash_ex.o
LOAD ./Drivers/STM32L4xx_HAL_Driver/Src/stm32l4xx_hal_flash_ramfunc.o
LOAD ./Drivers/STM32L4xx_HAL_Driver/Src/stm32l4xx_hal_gpio.o
LOAD ./Drivers/STM32L4xx_HAL_Driver/Src/stm32l4xx_hal_hcd.o
LOAD ./Drivers/STM32L4xx_HAL_Driver/Src/stm32l4xx_hal_i2c.o
LOAD ./Drivers/STM32L4xx_HAL_Driver/Src/stm32l4xx_hal_i2c_ex.o
LOAD ./Drivers/STM32L4xx_HAL_Driver/Src/stm32l4xx_hal_mmc.o
LOAD ./Drivers/STM32L4xx_HAL_Driver/Src/stm32l4xx_hal_mmc_ex.o
LOAD ./Drivers/STM32L4xx_HAL_Driver/Src/stm32l4xx_hal_pwr.o
LOAD ./Drivers/STM32L4xx_HAL_Driver/Src/stm32l4xx_hal_pwr_ex.o
LOAD ./Drivers/STM32L4xx_HAL_Driver/Src/stm32l4xx_hal_rcc.o
LOAD ./Drivers/STM32L4xx_HAL_Driver/Src/stm32l4xx_hal_rcc_ex.o
LOAD ./Drivers/STM32L4xx_HAL_Driver/Src/stm32l4xx_hal_sai.o
LOAD ./Drivers/STM32L4xx_HAL_Driver/Src/stm32l4xx_hal_sai_ex.o
LOAD ./Drivers/STM32L4xx_HAL_Driver/Src/stm32l4xx_hal_sd.o
LOAD ./Drivers/STM32L4xx_HAL_Driver/Src/stm32l4xx_hal_sd_ex.o
LOAD ./Drivers/STM32L4xx_HAL_Driver/Src/stm32l4xx_hal_tim.o
LOAD ./Drivers/STM32L4xx_HAL_Driver/Src/stm32l4xx_hal_tim_ex.o
LOAD ./Drivers/STM32L4xx_HAL_Driver/Src/stm32l4xx_hal_uart.o
LOAD ./Drivers/STM32L4xx_HAL_Driver/Src/stm32l4xx_hal_uart_ex.o
LOAD ./Drivers/STM32L4xx_HAL_Driver/Src/stm32l4xx_ll_sdmmc.o
LOAD ./Drivers/STM32L4xx_HAL_Driver/Src/stm32l4xx_ll_usb.o
LOAD ./FATFS/App/fatfs.o
LOAD ./FATFS/Target/bsp_driver_sd.o
LOAD ./FATFS/Target/sd_diskio.o
LOAD ./Middlewares/ST/STM32_USB_Host_Library/Class/AUDIO/Src/usbh_audio.o
LOAD ./Middlewares/ST/STM32_USB_Host_Library/Core/Src/usbh_core.o
LOAD ./Middlewares/ST/STM32_USB_Host_Library/Core/Src/usbh_ctlreq.o
LOAD ./Middlewares/ST/STM32_USB_Host_Library/Core/Src/usbh_ioreq.o
LOAD ./Middlewares/ST/STM32_USB_Host_Library/Core/Src/usbh_pipes.o
LOAD ./Middlewares/Third_Party/FatFs/src/diskio.o
LOAD ./Middlewares/Third_Party/FatFs/src/ff.o
LOAD ./Middlewares/Third_Party/FatFs/src/ff_gen_drv.o
LOAD ./Middlewares/Third_Party/FatFs/src/option/syscall.o
LOAD ./USB_HOST/App/usb_host.o
LOAD ./USB_HOST/Target/usbh_conf.o
LOAD ./USB_HOST/Target/usbh_platform.o
LOAD C:\Users\Deven\Documents\Projects\Firmware\device-stm32\Firmware-STM32CubeIDE\Middlewares\ST\STM32_Audio\Codecs\SpiritDSP_MP3_Dec\lib\lib_mp3decoder_cortex_m4_v2.2.0.a
LOAD C:\Users\Deven\Documents\Projects\Firmware\device-stm32\Firmware-STM32CubeIDE\Middlewares\ST\STM32_Audio\Codecs\SpiritDSP_MP3_Dec\lib\lib_mp3decoder_cortex_m4_v2.2.0.a
START GROUP
LOAD C:/ST/STM32CubeIDE_2.1.0/STM32CubeIDE/plugins/com.st.stm32cube.ide.mcu.externaltools.gnu-tools-for-stm32.14.3.rel1.win32_1.0.100.202602081740/tools/bin/../lib/gcc/arm-none-eabi/14.3.1/../../../../arm-none-eabi/lib/thumb/v7e-m/nofp\libc_nano.a
LOAD C:/ST/STM32CubeIDE_2.1.0/STM32CubeIDE/plugins/com.st.stm32cube.ide.mcu.externaltools.gnu-tools-for-stm32.14.3.rel1.win32_1.0.100.202602081740/tools/bin/../lib/gcc/arm-none-eabi/14.3.1/../../../../arm-none-eabi/lib/thumb/v7e-m/nofp\libm.a
END GROUP
START GROUP
LOAD C:/ST/STM32CubeIDE_2.1.0/STM32CubeIDE/plugins/com.st.stm32cube.ide.mcu.externaltools.gnu-tools-for-stm32.14.3.rel1.win32_1.0.100.202602081740/tools/bin/../lib/gcc/arm-none-eabi/14.3.1/thumb/v7e-m/nofp\libgcc.a
LOAD C:/ST/STM32CubeIDE_2.1.0/STM32CubeIDE/plugins/com.st.stm32cube.ide.mcu.externaltools.gnu-tools-for-stm32.14.3.rel1.win32_1.0.100.202602081740/tools/bin/../lib/gcc/arm-none-eabi/14.3.1/../../../../arm-none-eabi/lib/thumb/v7e-m/nofp\libc_nano.a
END GROUP
START GROUP
LOAD C:/ST/STM32CubeIDE_2.1.0/STM32CubeIDE/plugins/com.st.stm32cube.ide.mcu.externaltools.gnu-tools-for-stm32.14.3.rel1.win32_1.0.100.202602081740/tools/bin/../lib/gcc/arm-none-eabi/14.3.1/thumb/v7e-m/nofp\libgcc.a
LOAD C:/ST/STM32CubeIDE_2.1.0/STM32CubeIDE/plugins/com.st.stm32cube.ide.mcu.externaltools.gnu-tools-for-stm32.14.3.rel1.win32_1.0.100.202602081740/tools/bin/../lib/gcc/arm-none-eabi/14.3.1/../../../../arm-none-eabi/lib/thumb/v7e-m/nofp\libc_nano.a
LOAD C:/ST/STM32CubeIDE_2.1.0/STM32CubeIDE/plugins/com.st.stm32cube.ide.mcu.externaltools.gnu-tools-for-stm32.14.3.rel1.win32_1.0.100.202602081740/tools/bin/../lib/gcc/arm-none-eabi/14.3.1/../../../../arm-none-eabi/lib/thumb/v7e-m/nofp\libnosys.a
END GROUP
START GROUP
LOAD C:/ST/STM32CubeIDE_2.1.0/STM32CubeIDE/plugins/com.st.stm32cube.ide.mcu.externaltools.gnu-tools-for-stm32.14.3.rel1.win32_1.0.100.202602081740/tools/bin/../lib/gcc/arm-none-eabi/14.3.1/thumb/v7e-m/nofp\libgcc.a
LOAD C:/ST/STM32CubeIDE_2.1.0/STM32CubeIDE/plugins/com.st.stm32cube.ide.mcu.externaltools.gnu-tools-for-stm32.14.3.rel1.win32_1.0.100.202602081740/tools/bin/../lib/gcc/arm-none-eabi/14.3.1/../../../../arm-none-eabi/lib/thumb/v7e-m/nofp\libc_nano.a
LOAD C:/ST/STM32CubeIDE_2.1.0/STM32CubeIDE/plugins/com.st.stm32cube.ide.mcu.externaltools.gnu-tools-for-stm32.14.3.rel1.win32_1.0.100.202602081740/tools/bin/../lib/gcc/arm-none-eabi/14.3.1/../../../../arm-none-eabi/lib/thumb/v7e-m/nofp\libnosys.a
END GROUP
LOAD C:/ST/STM32CubeIDE_2.1.0/STM32CubeIDE/plugins/com.st.stm32cube.ide.mcu.externaltools.gnu-tools-for-stm32.14.3.rel1.win32_1.0.100.202602081740/tools/bin/../lib/gcc/arm-none-eabi/14.3.1/thumb/v7e-m/nofp/crtend.o
LOAD C:/ST/STM32CubeIDE_2.1.0/STM32CubeIDE/plugins/com.st.stm32cube.ide.mcu.externaltools.gnu-tools-for-stm32.14.3.rel1.win32_1.0.100.202602081740/tools/bin/../lib/gcc/arm-none-eabi/14.3.1/thumb/v7e-m/nofp/crtn.o
                0x20040000                        _estack = (ORIGIN (RAM) + LENGTH (RAM))
                0x00000200                        _Min_Heap_Size = 0x200
                0x00000400                        _Min_Stack_Size = 0x400

.isr_vector     0x08000000      0x1ac
                0x08000000                        . = ALIGN (0x4)
 *(.isr_vector)
 .isr_vector    0x08000000      0x1ac ./Core/Startup/startup_stm32l496zgtxp.o
                0x08000000                g_pfnVectors
                0x080001ac                        . = ALIGN (0x4)

.text           0x080001b0    0x17b78
                0x080001b0                        . = ALIGN (0x4)
 *(.text)
 .text          0x080001b0       0x40 C:/ST/STM32CubeIDE_2.1.0/STM32CubeIDE/plugins/com.st.stm32cube.ide.mcu.externaltools.gnu-tools-for-stm32.14.3.rel1.win32_1.0.100.202602081740/tools/bin/../lib/gcc/arm-none-eabi/14.3.1/thumb/v7e-m/nofp/crtbegin.o
 .text          0x080001f0     0x11e8 C:\Users\Deven\Documents\Projects\Firmware\device-stm32\Firmware-STM32CubeIDE\Middlewares\ST\STM32_Audio\Codecs\SpiritDSP_MP3_Dec\lib\lib_mp3decoder_cortex_m4_v2.2.0.a(mp3d_htab_armv4.o)
                0x080001f0                MP3D_SPCORP_Symbol_007
                0x08000204                MP3D_SPCORP_Symbol_011
                0x08000236                MP3D_SPCORP_Symbol_019
                0x08000264                MP3D_SPCORP_Symbol_021
                0x08000288                MP3D_SPCORP_Symbol_018
                0x080002e6                MP3D_SPCORP_Symbol_022
                0x080002fe                MP3D_SPCORP_Symbol_023
                0x08000320                MP3D_SPCORP_Symbol_002
                0x08000398                MP3D_SPCORP_Symbol_003
                0x0800039c                MP3D_SPCORP_Symbol_017
                0x080003c8                MP3D_SPCORP_Symbol_016
                0x08000408                MP3D_SPCORP_Symbol_004
                0x080004b8                MP3D_SPCORP_Symbol_005
                0x080004c6                MP3D_SPCORP_Symbol_010
                0x0800066a                MP3D_SPCORP_Symbol_008
                0x0800067a                MP3D_SPCORP_Symbol_009
                0x08000686                MP3D_SPCORP_Symbol_020
                0x0800075c                MP3D_SPCORP_Symbol_025
                0x080008c8                MP3D_SPCORP_Symbol_026
                0x08000a42                MP3D_SPCORP_Symbol_015
                0x08000dc2                MP3D_SPCORP_Symbol_014
                0x08000e90                MP3D_SPCORP_Symbol_034
                0x08000ee2                SpiritMP3DecoderInit
                0x08000f2c                SpiritMP3Decode
                0x0800104a                SpiritMP3DecoderGetPersistentSize
 .text          0x080013d8      0x168 C:\Users\Deven\Documents\Projects\Firmware\device-stm32\Firmware-STM32CubeIDE\Middlewares\ST\STM32_Audio\Codecs\SpiritDSP_MP3_Dec\lib\lib_mp3decoder_cortex_m4_v2.2.0.a(mp3d_bitio_armv4.o)
                0x080013d8                MP3D_SPCORP_Symbol_006
                0x08001494                MP3D_SPCORP_Symbol_012
 .text          0x08001540      0x19a C:\Users\Deven\Documents\Projects\Firmware\device-stm32\Firmware-STM32CubeIDE\Middlewares\ST\STM32_Audio\Codecs\SpiritDSP_MP3_Dec\lib\lib_mp3decoder_cortex_m4_v2.2.0.a(mp3d_copypcmsamples_armv4.o)
                0x08001540                MP3D_SPCORP_Symbol_013
 *fill*         0x080016da        0x2 
 .text          0x080016dc       0xc0 C:\Users\Deven\Documents\Projects\Firmware\device-stm32\Firmware-STM32CubeIDE\Middlewares\ST\STM32_Audio\Codecs\SpiritDSP_MP3_Dec\lib\lib_mp3decoder_cortex_m4_v2.2.0.a(mp3d_dealias_armv5e.o)
                0x080016dc                MP3D_SPCORP_Symbol_001
 .text          0x0800179c      0x578 C:\Users\Deven\Documents\Projects\Firmware\device-stm32\Firmware-STM32CubeIDE\Middlewares\ST\STM32_Audio\Codecs\SpiritDSP_MP3_Dec\lib\lib_mp3decoder_cortex_m4_v2.2.0.a(mp3d_huffdec_armv7e-m.o)
                0x080018c4                MP3D_SPCORP_Symbol_027
                0x08001b90                MP3D_SPCORP_Symbol_000
 .text          0x08001d14      0x708 C:\Users\Deven\Documents\Projects\Firmware\device-stm32\Firmware-STM32CubeIDE\Middlewares\ST\STM32_Audio\Codecs\SpiritDSP_MP3_Dec\lib\lib_mp3decoder_cortex_m4_v2.2.0.a(mp3d_imdct3612_armv5e.o)
                0x080023bc                MP3D_SPCORP_Symbol_028
 .text          0x0800241c       0xb4 C:\Users\Deven\Documents\Projects\Firmware\device-stm32\Firmware-STM32CubeIDE\Middlewares\ST\STM32_Audio\Codecs\SpiritDSP_MP3_Dec\lib\lib_mp3decoder_cortex_m4_v2.2.0.a(mp3d_reorder_armv4.o)
                0x0800241c                MP3D_SPCORP_Symbol_032
 .text          0x080024d0      0x234 C:\Users\Deven\Documents\Projects\Firmware\device-stm32\Firmware-STM32CubeIDE\Middlewares\ST\STM32_Audio\Codecs\SpiritDSP_MP3_Dec\lib\lib_mp3decoder_cortex_m4_v2.2.0.a(mp3d_stereo_armv4.o)
                0x080024d0                MP3D_SPCORP_Symbol_031
                0x0800256c                MP3D_SPCORP_Symbol_029
 .text          0x08002704      0xd5c C:\Users\Deven\Documents\Projects\Firmware\device-stm32\Firmware-STM32CubeIDE\Middlewares\ST\STM32_Audio\Codecs\SpiritDSP_MP3_Dec\lib\lib_mp3decoder_cortex_m4_v2.2.0.a(mp3d_synfilt_armv7e-m.o)
                0x08003420                MP3D_SPCORP_Symbol_033
 .text          0x08003460       0xa0 C:/ST/STM32CubeIDE_2.1.0/STM32CubeIDE/plugins/com.st.stm32cube.ide.mcu.externaltools.gnu-tools-for-stm32.14.3.rel1.win32_1.0.100.202602081740/tools/bin/../lib/gcc/arm-none-eabi/14.3.1/../../../../arm-none-eabi/lib/thumb/v7e-m/nofp\libc_nano.a(libc_a-memchr.o)
                0x08003460                memchr
 .text          0x08003500       0x30 C:/ST/STM32CubeIDE_2.1.0/STM32CubeIDE/plugins/com.st.stm32cube.ide.mcu.externaltools.gnu-tools-for-stm32.14.3.rel1.win32_1.0.100.202602081740/tools/bin/../lib/gcc/arm-none-eabi/14.3.1/thumb/v7e-m/nofp\libgcc.a(_aeabi_uldivmod.o)
                0x08003500                __aeabi_uldivmod
 .text          0x08003530      0x2f8 C:/ST/STM32CubeIDE_2.1.0/STM32CubeIDE/plugins/com.st.stm32cube.ide.mcu.externaltools.gnu-tools-for-stm32.14.3.rel1.win32_1.0.100.202602081740/tools/bin/../lib/gcc/arm-none-eabi/14.3.1/thumb/v7e-m/nofp\libgcc.a(_udivmoddi4.o)
                0x08003530                __udivmoddi4
 .text          0x08003828        0x4 C:/ST/STM32CubeIDE_2.1.0/STM32CubeIDE/plugins/com.st.stm32cube.ide.mcu.externaltools.gnu-tools-for-stm32.14.3.rel1.win32_1.0.100.202602081740/tools/bin/../lib/gcc/arm-none-eabi/14.3.1/thumb/v7e-m/nofp\libgcc.a(_dvmd_tls.o)
                0x08003828                __aeabi_idiv0
                0x08003828                __aeabi_ldiv0
 *(.text*)
 .text.DrawTextToScreen
                0x0800382c       0x34 ./Core/Src/display.o
                0x0800382c                DrawTextToScreen
 .text.DisplayOptions
                0x08003860       0xf8 ./Core/Src/display.o
                0x08003860                DisplayOptions
 .text.DisplayOptionsTwo
                0x08003958       0xa0 ./Core/Src/display.o
                0x08003958                DisplayOptionsTwo
 .text.PlayMP3FromFolder
                0x080039f8       0xb8 ./Core/Src/main.o
                0x080039f8                PlayMP3FromFolder
 .text.PlayFirstSongInFolder
                0x08003ab0      0x12c ./Core/Src/main.o
                0x08003ab0                PlayFirstSongInFolder
 .text.main     0x08003bdc      0x380 ./Core/Src/main.o
                0x08003bdc                main
 .text.SystemClock_Config
                0x08003f5c       0xc8 ./Core/Src/main.o
                0x08003f5c                SystemClock_Config
 .text.PeriphCommonClock_Config
                0x08004024       0x6c ./Core/Src/main.o
                0x08004024                PeriphCommonClock_Config
 .text.MX_ADC1_Init
                0x08004090       0xec ./Core/Src/main.o
 .text.MX_CRC_Init
                0x0800417c       0x44 ./Core/Src/main.o
 .text.MX_I2C1_Init
                0x080041c0       0x80 ./Core/Src/main.o
 .text.MX_LPUART1_UART_Init
                0x08004240       0x5c ./Core/Src/main.o
 .text.MX_SAI1_Init
                0x0800429c       0x6c ./Core/Src/main.o
 .text.MX_SDMMC1_SD_Init
                0x08004308       0x4c ./Core/Src/main.o
 .text.MX_TIM1_Init
                0x08004354       0xa8 ./Core/Src/main.o
 .text.MX_DMA_Init
                0x080043fc       0x84 ./Core/Src/main.o
 .text.MX_GPIO_Init
                0x08004480      0x21c ./Core/Src/main.o
 .text.mp3_read_callback
                0x0800469c       0x48 ./Core/Src/main.o
                0x0800469c                mp3_read_callback
 .text.HAL_SAI_TxHalfCpltCallback
                0x080046e4       0x2c ./Core/Src/main.o
                0x080046e4                HAL_SAI_TxHalfCpltCallback
 .text.HAL_SAI_TxCpltCallback
                0x08004710       0x2c ./Core/Src/main.o
                0x08004710                HAL_SAI_TxCpltCallback
 .text.HAL_GPIO_EXTI_Callback
                0x0800473c       0xc4 ./Core/Src/main.o
                0x0800473c                HAL_GPIO_EXTI_Callback
 .text.Error_Handler
                0x08004800        0xc ./Core/Src/main.o
                0x08004800                Error_Handler
 .text.ssd1306_Reset
                0x0800480c        0xc ./Core/Src/ssd1306.o
                0x0800480c                ssd1306_Reset
 .text.ssd1306_WriteCommand
                0x08004818       0x30 ./Core/Src/ssd1306.o
                0x08004818                ssd1306_WriteCommand
 .text.ssd1306_WriteData
                0x08004848       0x34 ./Core/Src/ssd1306.o
                0x08004848                ssd1306_WriteData
 .text.ssd1306_Init
                0x0800487c       0xd4 ./Core/Src/ssd1306.o
                0x0800487c                ssd1306_Init
 .text.ssd1306_Fill
                0x08004950       0x30 ./Core/Src/ssd1306.o
                0x08004950                ssd1306_Fill
 .text.ssd1306_UpdateScreen
                0x08004980       0x50 ./Core/Src/ssd1306.o
                0x08004980                ssd1306_UpdateScreen
 .text.ssd1306_DrawPixel
                0x080049d0       0xa4 ./Core/Src/ssd1306.o
                0x080049d0                ssd1306_DrawPixel
 .text.ssd1306_WriteChar
                0x08004a74      0x124 ./Core/Src/ssd1306.o
                0x08004a74                ssd1306_WriteChar
 .text.ssd1306_WriteString
                0x08004b98       0x4c ./Core/Src/ssd1306.o
                0x08004b98                ssd1306_WriteString
 .text.ssd1306_SetCursor
                0x08004be4       0x30 ./Core/Src/ssd1306.o
                0x08004be4                ssd1306_SetCursor
 .text.ssd1306_SetContrast
                0x08004c14       0x26 ./Core/Src/ssd1306.o
                0x08004c14                ssd1306_SetContrast
 *fill*         0x08004c3a        0x2 
 .text.ssd1306_SetDisplayOn
                0x08004c3c       0x3c ./Core/Src/ssd1306.o
                0x08004c3c                ssd1306_SetDisplayOn
 .text.HAL_MspInit
                0x08004c78       0x44 ./Core/Src/stm32l4xx_hal_msp.o
                0x08004c78                HAL_MspInit
 .text.HAL_ADC_MspInit
                0x08004cbc       0xec ./Core/Src/stm32l4xx_hal_msp.o
                0x08004cbc                HAL_ADC_MspInit
 .text.HAL_CRC_MspInit
                0x08004da8       0x3c ./Core/Src/stm32l4xx_hal_msp.o
                0x08004da8                HAL_CRC_MspInit
 .text.HAL_I2C_MspInit
                0x08004de4       0xbc ./Core/Src/stm32l4xx_hal_msp.o
                0x08004de4                HAL_I2C_MspInit
 .text.HAL_UART_MspInit
                0x08004ea0       0xc0 ./Core/Src/stm32l4xx_hal_msp.o
                0x08004ea0                HAL_UART_MspInit
 .text.HAL_SD_MspInit
                0x08004f60      0x1b4 ./Core/Src/stm32l4xx_hal_msp.o
                0x08004f60                HAL_SD_MspInit
 .text.HAL_TIM_Base_MspInit
                0x08005114       0x4c ./Core/Src/stm32l4xx_hal_msp.o
                0x08005114                HAL_TIM_Base_MspInit
 .text.HAL_SAI_MspInit
                0x08005160       0xe0 ./Core/Src/stm32l4xx_hal_msp.o
                0x08005160                HAL_SAI_MspInit
 .text.NMI_Handler
                0x08005240        0x8 ./Core/Src/stm32l4xx_it.o
                0x08005240                NMI_Handler
 .text.HardFault_Handler
                0x08005248        0x8 ./Core/Src/stm32l4xx_it.o
                0x08005248                HardFault_Handler
 .text.MemManage_Handler
                0x08005250        0x8 ./Core/Src/stm32l4xx_it.o
                0x08005250                MemManage_Handler
 .text.BusFault_Handler
                0x08005258        0x8 ./Core/Src/stm32l4xx_it.o
                0x08005258                BusFault_Handler
 .text.UsageFault_Handler
                0x08005260        0x8 ./Core/Src/stm32l4xx_it.o
                0x08005260                UsageFault_Handler
 .text.SVC_Handler
                0x08005268        0xc ./Core/Src/stm32l4xx_it.o
                0x08005268                SVC_Handler
 .text.DebugMon_Handler
                0x08005274        0xc ./Core/Src/stm32l4xx_it.o
                0x08005274                DebugMon_Handler
 .text.PendSV_Handler
                0x08005280        0xc ./Core/Src/stm32l4xx_it.o
                0x08005280                PendSV_Handler
 .text.SysTick_Handler
                0x0800528c        0xc ./Core/Src/stm32l4xx_it.o
                0x0800528c                SysTick_Handler
 .text.EXTI0_IRQHandler
                0x08005298        0xe ./Core/Src/stm32l4xx_it.o
                0x08005298                EXTI0_IRQHandler
 *fill*         0x080052a6        0x2 
 .text.DMA1_Channel1_IRQHandler
                0x080052a8       0x14 ./Core/Src/stm32l4xx_it.o
                0x080052a8                DMA1_Channel1_IRQHandler
 .text.ADC1_2_IRQHandler
                0x080052bc       0x14 ./Core/Src/stm32l4xx_it.o
                0x080052bc                ADC1_2_IRQHandler
 .text.EXTI9_5_IRQHandler
                0x080052d0       0x16 ./Core/Src/stm32l4xx_it.o
                0x080052d0                EXTI9_5_IRQHandler
 *fill*         0x080052e6        0x2 
 .text.TIM1_UP_TIM16_IRQHandler
                0x080052e8       0x14 ./Core/Src/stm32l4xx_it.o
                0x080052e8                TIM1_UP_TIM16_IRQHandler
 .text.EXTI15_10_IRQHandler
                0x080052fc       0x10 ./Core/Src/stm32l4xx_it.o
                0x080052fc                EXTI15_10_IRQHandler
 .text.SDMMC1_IRQHandler
                0x0800530c       0x14 ./Core/Src/stm32l4xx_it.o
                0x0800530c                SDMMC1_IRQHandler
 .text.DMA2_Channel1_IRQHandler
                0x08005320       0x14 ./Core/Src/stm32l4xx_it.o
                0x08005320                DMA2_Channel1_IRQHandler
 .text.DMA2_Channel4_IRQHandler
                0x08005334       0x14 ./Core/Src/stm32l4xx_it.o
                0x08005334                DMA2_Channel4_IRQHandler
 .text.DMA2_Channel5_IRQHandler
                0x08005348       0x14 ./Core/Src/stm32l4xx_it.o
                0x08005348                DMA2_Channel5_IRQHandler
 .text.OTG_FS_IRQHandler
                0x0800535c       0x14 ./Core/Src/stm32l4xx_it.o
                0x0800535c                OTG_FS_IRQHandler
 .text._sbrk    0x08005370       0x6c ./Core/Src/sysmem.o
                0x08005370                _sbrk
 .text.SystemInit
                0x080053dc        0xc ./Core/Src/system_stm32l4xx.o
                0x080053dc                SystemInit
 .text.Reset_Handler
                0x080053e8       0x50 ./Core/Startup/startup_stm32l496zgtxp.o
                0x080053e8                Reset_Handler
 .text.Default_Handler
                0x08005438        0x2 ./Core/Startup/startup_stm32l496zgtxp.o
                0x08005438                RTC_Alarm_IRQHandler
                0x08005438                EXTI2_IRQHandler
                0x08005438                TIM8_TRG_COM_IRQHandler
                0x08005438                TIM8_CC_IRQHandler
                0x08005438                TIM1_CC_IRQHandler
                0x08005438                TSC_IRQHandler
                0x08005438                TAMP_STAMP_IRQHandler
                0x08005438                CAN2_RX1_IRQHandler
                0x08005438                EXTI3_IRQHandler
                0x08005438                LPTIM2_IRQHandler
                0x08005438                DFSDM1_FLT1_IRQHandler
                0x08005438                I2C3_ER_IRQHandler
                0x08005438                DFSDM1_FLT2_IRQHandler
                0x08005438                I2C2_EV_IRQHandler
                0x08005438                CAN1_RX0_IRQHandler
                0x08005438                FPU_IRQHandler
                0x08005438                CAN2_SCE_IRQHandler
                0x08005438                SPI1_IRQHandler
                0x08005438                TIM6_DAC_IRQHandler
                0x08005438                DCMI_IRQHandler
                0x08005438                CAN2_RX0_IRQHandler
                0x08005438                TIM8_UP_IRQHandler
                0x08005438                DMA2_Channel2_IRQHandler
                0x08005438                DMA1_Channel4_IRQHandler
                0x08005438                SAI2_IRQHandler
                0x08005438                DFSDM1_FLT3_IRQHandler
                0x08005438                USART3_IRQHandler
                0x08005438                DMA1_Channel7_IRQHandler
                0x08005438                CAN1_RX1_IRQHandler
                0x08005438                LCD_IRQHandler
                0x08005438                UART5_IRQHandler
                0x08005438                ADC3_IRQHandler
                0x08005438                TIM4_IRQHandler
                0x08005438                QUADSPI_IRQHandler
                0x08005438                I2C1_EV_IRQHandler
                0x08005438                DMA1_Channel6_IRQHandler
                0x08005438                UART4_IRQHandler
                0x08005438                TIM3_IRQHandler
                0x08005438                RCC_IRQHandler
                0x08005438                Default_Handler
                0x08005438                DMA2_Channel7_IRQHandler
                0x08005438                TIM7_IRQHandler
                0x08005438                CAN2_TX_IRQHandler
                0x08005438                TIM5_IRQHandler
                0x08005438                I2C3_EV_IRQHandler
                0x08005438                RTC_WKUP_IRQHandler
                0x08005438                PVD_PVM_IRQHandler
                0x08005438                SPI2_IRQHandler
                0x08005438                CAN1_TX_IRQHandler
                0x08005438                CRS_IRQHandler
                0x08005438                DMA1_Channel5_IRQHandler
                0x08005438                EXTI4_IRQHandler
                0x08005438                RNG_IRQHandler
                0x08005438                TIM1_TRG_COM_TIM17_IRQHandler
                0x08005438                DMA1_Channel3_IRQHandler
                0x08005438                COMP_IRQHandler
                0x08005438                WWDG_IRQHandler
                0x08005438                I2C4_EV_IRQHandler
                0x08005438                LPUART1_IRQHandler
                0x08005438                DMA2_Channel6_IRQHandler
                0x08005438                TIM2_IRQHandler
                0x08005438                EXTI1_IRQHandler
                0x08005438                USART2_IRQHandler
                0x08005438                DFSDM1_FLT0_IRQHandler
                0x08005438                I2C2_ER_IRQHandler
                0x08005438                DMA1_Channel2_IRQHandler
                0x08005438                TIM8_BRK_IRQHandler
                0x08005438                CAN1_SCE_IRQHandler
                0x08005438                FLASH_IRQHandler
                0x08005438                USART1_IRQHandler
                0x08005438                SPI3_IRQHandler
                0x08005438                I2C1_ER_IRQHandler
                0x08005438                FMC_IRQHandler
                0x08005438                SWPMI1_IRQHandler
                0x08005438                LPTIM1_IRQHandler
                0x08005438                I2C4_ER_IRQHandler
                0x08005438                SAI1_IRQHandler
                0x08005438                DMA2_Channel3_IRQHandler
                0x08005438                TIM1_BRK_TIM15_IRQHandler
 .text.HAL_Init
                0x0800543a       0x30 ./Drivers/STM32L4xx_HAL_Driver/Src/stm32l4xx_hal.o
                0x0800543a                HAL_Init
 *fill*         0x0800546a        0x2 
 .text.HAL_InitTick
                0x0800546c       0x78 ./Drivers/STM32L4xx_HAL_Driver/Src/stm32l4xx_hal.o
                0x0800546c                HAL_InitTick
 .text.HAL_IncTick
                0x080054e4       0x24 ./Drivers/STM32L4xx_HAL_Driver/Src/stm32l4xx_hal.o
                0x080054e4                HAL_IncTick
 .text.HAL_GetTick
                0x08005508       0x14 ./Drivers/STM32L4xx_HAL_Driver/Src/stm32l4xx_hal.o
                0x08005508                HAL_GetTick
 .text.HAL_Delay
                0x0800551c       0x48 ./Drivers/STM32L4xx_HAL_Driver/Src/stm32l4xx_hal.o
                0x0800551c                HAL_Delay
 .text.LL_ADC_SetCommonClock
                0x08005564       0x24 ./Drivers/STM32L4xx_HAL_Driver/Src/stm32l4xx_hal_adc.o
 .text.LL_ADC_SetCommonPathInternalCh
                0x08005588       0x24 ./Drivers/STM32L4xx_HAL_Driver/Src/stm32l4xx_hal_adc.o
 .text.LL_ADC_GetCommonPathInternalCh
                0x080055ac       0x1a ./Drivers/STM32L4xx_HAL_Driver/Src/stm32l4xx_hal_adc.o
 *fill*         0x080055c6        0x2 
 .text.LL_ADC_SetOffset
                0x080055c8       0x48 ./Drivers/STM32L4xx_HAL_Driver/Src/stm32l4xx_hal_adc.o
 .text.LL_ADC_GetOffsetChannel
                0x08005610       0x2a ./Drivers/STM32L4xx_HAL_Driver/Src/stm32l4xx_hal_adc.o
 .text.LL_ADC_SetOffsetState
                0x0800563a       0x34 ./Drivers/STM32L4xx_HAL_Driver/Src/stm32l4xx_hal_adc.o
 .text.LL_ADC_SetSamplingTimeCommonConfig
                0x0800566e       0x24 ./Drivers/STM32L4xx_HAL_Driver/Src/stm32l4xx_hal_adc.o
 .text.LL_ADC_REG_IsTriggerSourceSWStart
                0x08005692       0x24 ./Drivers/STM32L4xx_HAL_Driver/Src/stm32l4xx_hal_adc.o
 .text.LL_ADC_REG_SetSequencerRanks
                0x080056b6       0x56 ./Drivers/STM32L4xx_HAL_Driver/Src/stm32l4xx_hal_adc.o
 .text.LL_ADC_INJ_IsTriggerSourceSWStart
                0x0800570c       0x24 ./Drivers/STM32L4xx_HAL_Driver/Src/stm32l4xx_hal_adc.o
 .text.LL_ADC_SetChannelSamplingTime
                0x08005730       0x54 ./Drivers/STM32L4xx_HAL_Driver/Src/stm32l4xx_hal_adc.o
 .text.LL_ADC_SetChannelSingleDiff
                0x08005784       0x44 ./Drivers/STM32L4xx_HAL_Driver/Src/stm32l4xx_hal_adc.o
 .text.LL_ADC_GetMultimode
                0x080057c8       0x1a ./Drivers/STM32L4xx_HAL_Driver/Src/stm32l4xx_hal_adc.o
 .text.LL_ADC_GetMultiDMATransfer
                0x080057e2       0x1a ./Drivers/STM32L4xx_HAL_Driver/Src/stm32l4xx_hal_adc.o
 .text.LL_ADC_DisableDeepPowerDown
                0x080057fc       0x22 ./Drivers/STM32L4xx_HAL_Driver/Src/stm32l4xx_hal_adc.o
 .text.LL_ADC_IsDeepPowerDownEnabled
                0x0800581e       0x26 ./Drivers/STM32L4xx_HAL_Driver/Src/stm32l4xx_hal_adc.o
 .text.LL_ADC_EnableInternalRegulator
                0x08005844       0x26 ./Drivers/STM32L4xx_HAL_Driver/Src/stm32l4xx_hal_adc.o
 .text.LL_ADC_IsInternalRegulatorEnabled
                0x0800586a       0x26 ./Drivers/STM32L4xx_HAL_Driver/Src/stm32l4xx_hal_adc.o
 .text.LL_ADC_IsEnabled
                0x08005890       0x24 ./Drivers/STM32L4xx_HAL_Driver/Src/stm32l4xx_hal_adc.o
 .text.LL_ADC_REG_IsConversionOngoing
                0x080058b4       0x24 ./Drivers/STM32L4xx_HAL_Driver/Src/stm32l4xx_hal_adc.o
 .text.LL_ADC_INJ_IsConversionOngoing
                0x080058d8       0x24 ./Drivers/STM32L4xx_HAL_Driver/Src/stm32l4xx_hal_adc.o
 .text.HAL_ADC_Init
                0x080058fc      0x2a8 ./Drivers/STM32L4xx_HAL_Driver/Src/stm32l4xx_hal_adc.o
                0x080058fc                HAL_ADC_Init
 .text.HAL_ADC_IRQHandler
                0x08005ba4      0x434 ./Drivers/STM32L4xx_HAL_Driver/Src/stm32l4xx_hal_adc.o
                0x08005ba4                HAL_ADC_IRQHandler
 .text.HAL_ADC_ConvCpltCallback
                0x08005fd8       0x12 ./Drivers/STM32L4xx_HAL_Driver/Src/stm32l4xx_hal_adc.o
                0x08005fd8                HAL_ADC_ConvCpltCallback
 .text.HAL_ADC_LevelOutOfWindowCallback
                0x08005fea       0x12 ./Drivers/STM32L4xx_HAL_Driver/Src/stm32l4xx_hal_adc.o
                0x08005fea                HAL_ADC_LevelOutOfWindowCallback
 .text.HAL_ADC_ErrorCallback
                0x08005ffc       0x12 ./Drivers/STM32L4xx_HAL_Driver/Src/stm32l4xx_hal_adc.o
                0x08005ffc                HAL_ADC_ErrorCallback
 *fill*         0x0800600e        0x2 
 .text.HAL_ADC_ConfigChannel
                0x08006010      0x818 ./Drivers/STM32L4xx_HAL_Driver/Src/stm32l4xx_hal_adc.o
                0x08006010                HAL_ADC_ConfigChannel
 .text.LL_ADC_IsEnabled
                0x08006828       0x24 ./Drivers/STM32L4xx_HAL_Driver/Src/stm32l4xx_hal_adc_ex.o
 .text.LL_ADC_REG_IsConversionOngoing
                0x0800684c       0x24 ./Drivers/STM32L4xx_HAL_Driver/Src/stm32l4xx_hal_adc_ex.o
 .text.HAL_ADCEx_InjectedConvCpltCallback
                0x08006870       0x12 ./Drivers/STM32L4xx_HAL_Driver/Src/stm32l4xx_hal_adc_ex.o
                0x08006870                HAL_ADCEx_InjectedConvCpltCallback
 .text.HAL_ADCEx_InjectedQueueOverflowCallback
                0x08006882       0x12 ./Drivers/STM32L4xx_HAL_Driver/Src/stm32l4xx_hal_adc_ex.o
                0x08006882                HAL_ADCEx_InjectedQueueOverflowCallback
 .text.HAL_ADCEx_LevelOutOfWindow2Callback
                0x08006894       0x12 ./Drivers/STM32L4xx_HAL_Driver/Src/stm32l4xx_hal_adc_ex.o
                0x08006894                HAL_ADCEx_LevelOutOfWindow2Callback
 .text.HAL_ADCEx_LevelOutOfWindow3Callback
                0x080068a6       0x12 ./Drivers/STM32L4xx_HAL_Driver/Src/stm32l4xx_hal_adc_ex.o
                0x080068a6                HAL_ADCEx_LevelOutOfWindow3Callback
 .text.HAL_ADCEx_EndOfSamplingCallback
                0x080068b8       0x12 ./Drivers/STM32L4xx_HAL_Driver/Src/stm32l4xx_hal_adc_ex.o
                0x080068b8                HAL_ADCEx_EndOfSamplingCallback
 *fill*         0x080068ca        0x2 
 .text.HAL_ADCEx_MultiModeConfigChannel
                0x080068cc      0x160 ./Drivers/STM32L4xx_HAL_Driver/Src/stm32l4xx_hal_adc_ex.o
                0x080068cc                HAL_ADCEx_MultiModeConfigChannel
 .text.__NVIC_SetPriorityGrouping
                0x08006a2c       0x48 ./Drivers/STM32L4xx_HAL_Driver/Src/stm32l4xx_hal_cortex.o
 .text.__NVIC_GetPriorityGrouping
                0x08006a74       0x1c ./Drivers/STM32L4xx_HAL_Driver/Src/stm32l4xx_hal_cortex.o
 .text.__NVIC_EnableIRQ
                0x08006a90       0x38 ./Drivers/STM32L4xx_HAL_Driver/Src/stm32l4xx_hal_cortex.o
 .text.__NVIC_SetPriority
                0x08006ac8       0x54 ./Drivers/STM32L4xx_HAL_Driver/Src/stm32l4xx_hal_cortex.o
 .text.NVIC_EncodePriority
                0x08006b1c       0x64 ./Drivers/STM32L4xx_HAL_Driver/Src/stm32l4xx_hal_cortex.o
 .text.SysTick_Config
                0x08006b80       0x44 ./Drivers/STM32L4xx_HAL_Driver/Src/stm32l4xx_hal_cortex.o
 .text.HAL_NVIC_SetPriorityGrouping
                0x08006bc4       0x16 ./Drivers/STM32L4xx_HAL_Driver/Src/stm32l4xx_hal_cortex.o
                0x08006bc4                HAL_NVIC_SetPriorityGrouping
 .text.HAL_NVIC_SetPriority
                0x08006bda       0x38 ./Drivers/STM32L4xx_HAL_Driver/Src/stm32l4xx_hal_cortex.o
                0x08006bda                HAL_NVIC_SetPriority
 .text.HAL_NVIC_EnableIRQ
                0x08006c12       0x1c ./Drivers/STM32L4xx_HAL_Driver/Src/stm32l4xx_hal_cortex.o
                0x08006c12                HAL_NVIC_EnableIRQ
 .text.HAL_SYSTICK_Config
                0x08006c2e       0x18 ./Drivers/STM32L4xx_HAL_Driver/Src/stm32l4xx_hal_cortex.o
                0x08006c2e                HAL_SYSTICK_Config
 *fill*         0x08006c46        0x2 
 .text.HAL_CRC_Init
                0x08006c48       0xc8 ./Drivers/STM32L4xx_HAL_Driver/Src/stm32l4xx_hal_crc.o
                0x08006c48                HAL_CRC_Init
 .text.HAL_CRCEx_Polynomial_Set
                0x08006d10      0x11c ./Drivers/STM32L4xx_HAL_Driver/Src/stm32l4xx_hal_crc_ex.o
                0x08006d10                HAL_CRCEx_Polynomial_Set
 .text.HAL_DMA_Init
                0x08006e2c      0x170 ./Drivers/STM32L4xx_HAL_Driver/Src/stm32l4xx_hal_dma.o
                0x08006e2c                HAL_DMA_Init
 .text.HAL_DMA_Start_IT
                0x08006f9c       0xc6 ./Drivers/STM32L4xx_HAL_Driver/Src/stm32l4xx_hal_dma.o
                0x08006f9c                HAL_DMA_Start_IT
 .text.HAL_DMA_Abort
                0x08007062       0x80 ./Drivers/STM32L4xx_HAL_Driver/Src/stm32l4xx_hal_dma.o
                0x08007062                HAL_DMA_Abort
 .text.HAL_DMA_Abort_IT
                0x080070e2       0x82 ./Drivers/STM32L4xx_HAL_Driver/Src/stm32l4xx_hal_dma.o
                0x080070e2                HAL_DMA_Abort_IT
 .text.HAL_DMA_IRQHandler
                0x08007164      0x18c ./Drivers/STM32L4xx_HAL_Driver/Src/stm32l4xx_hal_dma.o
                0x08007164                HAL_DMA_IRQHandler
 .text.DMA_SetConfig
                0x080072f0       0x5e ./Drivers/STM32L4xx_HAL_Driver/Src/stm32l4xx_hal_dma.o
 *fill*         0x0800734e        0x2 
 .text.HAL_GPIO_Init
                0x08007350      0x324 ./Drivers/STM32L4xx_HAL_Driver/Src/stm32l4xx_hal_gpio.o
                0x08007350                HAL_GPIO_Init
 .text.HAL_GPIO_ReadPin
                0x08007674       0x2e ./Drivers/STM32L4xx_HAL_Driver/Src/stm32l4xx_hal_gpio.o
                0x08007674                HAL_GPIO_ReadPin
 .text.HAL_GPIO_WritePin
                0x080076a2       0x2e ./Drivers/STM32L4xx_HAL_Driver/Src/stm32l4xx_hal_gpio.o
                0x080076a2                HAL_GPIO_WritePin
 .text.HAL_GPIO_EXTI_IRQHandler
                0x080076d0       0x30 ./Drivers/STM32L4xx_HAL_Driver/Src/stm32l4xx_hal_gpio.o
                0x080076d0                HAL_GPIO_EXTI_IRQHandler
 .text.HAL_HCD_Init
                0x08007700       0xc0 ./Drivers/STM32L4xx_HAL_Driver/Src/stm32l4xx_hal_hcd.o
                0x08007700                HAL_HCD_Init
 .text.HAL_HCD_HC_Init
                0x080077c0      0x132 ./Drivers/STM32L4xx_HAL_Driver/Src/stm32l4xx_hal_hcd.o
                0x080077c0                HAL_HCD_HC_Init
 .text.HAL_HCD_HC_Halt
                0x080078f2       0x46 ./Drivers/STM32L4xx_HAL_Driver/Src/stm32l4xx_hal_hcd.o
                0x080078f2                HAL_HCD_HC_Halt
 .text.HAL_HCD_HC_SubmitRequest
                0x08007938      0x2a8 ./Drivers/STM32L4xx_HAL_Driver/Src/stm32l4xx_hal_hcd.o
                0x08007938                HAL_HCD_HC_SubmitRequest
 .text.HAL_HCD_IRQHandler
                0x08007be0      0x220 ./Drivers/STM32L4xx_HAL_Driver/Src/stm32l4xx_hal_hcd.o
                0x08007be0                HAL_HCD_IRQHandler
 .text.HAL_HCD_Start
                0x08007e00       0x46 ./Drivers/STM32L4xx_HAL_Driver/Src/stm32l4xx_hal_hcd.o
                0x08007e00                HAL_HCD_Start
 .text.HAL_HCD_Stop
                0x08007e46       0x3a ./Drivers/STM32L4xx_HAL_Driver/Src/stm32l4xx_hal_hcd.o
                0x08007e46                HAL_HCD_Stop
 .text.HAL_HCD_ResetPort
                0x08007e80       0x1c ./Drivers/STM32L4xx_HAL_Driver/Src/stm32l4xx_hal_hcd.o
                0x08007e80                HAL_HCD_ResetPort
 .text.HAL_HCD_HC_GetURBState
                0x08007e9c       0x26 ./Drivers/STM32L4xx_HAL_Driver/Src/stm32l4xx_hal_hcd.o
                0x08007e9c                HAL_HCD_HC_GetURBState
 .text.HAL_HCD_GetCurrentFrame
                0x08007ec2       0x1c ./Drivers/STM32L4xx_HAL_Driver/Src/stm32l4xx_hal_hcd.o
                0x08007ec2                HAL_HCD_GetCurrentFrame
 .text.HAL_HCD_GetCurrentSpeed
                0x08007ede       0x1c ./Drivers/STM32L4xx_HAL_Driver/Src/stm32l4xx_hal_hcd.o
                0x08007ede                HAL_HCD_GetCurrentSpeed
 .text.HAL_HCD_HC_ClearHubInfo
                0x08007efa       0x3c ./Drivers/STM32L4xx_HAL_Driver/Src/stm32l4xx_hal_hcd.o
                0x08007efa                HAL_HCD_HC_ClearHubInfo
 .text.HCD_HC_IN_IRQHandler
                0x08007f36      0x82c ./Drivers/STM32L4xx_HAL_Driver/Src/stm32l4xx_hal_hcd.o
 .text.HCD_HC_OUT_IRQHandler
                0x08008762      0x548 ./Drivers/STM32L4xx_HAL_Driver/Src/stm32l4xx_hal_hcd.o
 .text.HCD_RXQLVL_IRQHandler
                0x08008caa      0x1a4 ./Drivers/STM32L4xx_HAL_Driver/Src/stm32l4xx_hal_hcd.o
 .text.HCD_Port_IRQHandler
                0x08008e4e       0xe6 ./Drivers/STM32L4xx_HAL_Driver/Src/stm32l4xx_hal_hcd.o
 .text.HAL_I2C_Init
                0x08008f34      0x136 ./Drivers/STM32L4xx_HAL_Driver/Src/stm32l4xx_hal_i2c.o
                0x08008f34                HAL_I2C_Init
 *fill*         0x0800906a        0x2 
 .text.HAL_I2C_Mem_Write
                0x0800906c      0x228 ./Drivers/STM32L4xx_HAL_Driver/Src/stm32l4xx_hal_i2c.o
                0x0800906c                HAL_I2C_Mem_Write
 .text.I2C_RequestMemoryWrite
                0x08009294       0xa8 ./Drivers/STM32L4xx_HAL_Driver/Src/stm32l4xx_hal_i2c.o
 .text.I2C_Flush_TXDR
                0x0800933c       0x46 ./Drivers/STM32L4xx_HAL_Driver/Src/stm32l4xx_hal_i2c.o
 .text.I2C_WaitOnFlagUntilTimeout
                0x08009382       0xb2 ./Drivers/STM32L4xx_HAL_Driver/Src/stm32l4xx_hal_i2c.o
 .text.I2C_WaitOnTXISFlagUntilTimeout
                0x08009434       0x8e ./Drivers/STM32L4xx_HAL_Driver/Src/stm32l4xx_hal_i2c.o
 .text.I2C_WaitOnSTOPFlagUntilTimeout
                0x080094c2       0x86 ./Drivers/STM32L4xx_HAL_Driver/Src/stm32l4xx_hal_i2c.o
 .text.I2C_IsErrorOccurred
                0x08009548      0x1c0 ./Drivers/STM32L4xx_HAL_Driver/Src/stm32l4xx_hal_i2c.o
 .text.I2C_TransferConfig
                0x08009708       0x60 ./Drivers/STM32L4xx_HAL_Driver/Src/stm32l4xx_hal_i2c.o
 .text.HAL_I2CEx_ConfigAnalogFilter
                0x08009768       0x94 ./Drivers/STM32L4xx_HAL_Driver/Src/stm32l4xx_hal_i2c_ex.o
                0x08009768                HAL_I2CEx_ConfigAnalogFilter
 .text.HAL_I2CEx_ConfigDigitalFilter
                0x080097fc       0x96 ./Drivers/STM32L4xx_HAL_Driver/Src/stm32l4xx_hal_i2c_ex.o
                0x080097fc                HAL_I2CEx_ConfigDigitalFilter
 *fill*         0x08009892        0x2 
 .text.HAL_PWR_EnableBkUpAccess
                0x08009894       0x1c ./Drivers/STM32L4xx_HAL_Driver/Src/stm32l4xx_hal_pwr.o
                0x08009894                HAL_PWR_EnableBkUpAccess
 .text.HAL_PWREx_GetVoltageRange
                0x080098b0       0x18 ./Drivers/STM32L4xx_HAL_Driver/Src/stm32l4xx_hal_pwr_ex.o
                0x080098b0                HAL_PWREx_GetVoltageRange
 .text.HAL_PWREx_ControlVoltageScaling
                0x080098c8       0xa8 ./Drivers/STM32L4xx_HAL_Driver/Src/stm32l4xx_hal_pwr_ex.o
                0x080098c8                HAL_PWREx_ControlVoltageScaling
 .text.HAL_PWREx_EnableVddUSB
                0x08009970       0x1c ./Drivers/STM32L4xx_HAL_Driver/Src/stm32l4xx_hal_pwr_ex.o
                0x08009970                HAL_PWREx_EnableVddUSB
 .text.HAL_PWREx_EnableVddIO2
                0x0800998c       0x1c ./Drivers/STM32L4xx_HAL_Driver/Src/stm32l4xx_hal_pwr_ex.o
                0x0800998c                HAL_PWREx_EnableVddIO2
 .text.HAL_RCC_OscConfig
                0x080099a8      0x834 ./Drivers/STM32L4xx_HAL_Driver/Src/stm32l4xx_hal_rcc.o
                0x080099a8                HAL_RCC_OscConfig
 .text.HAL_RCC_ClockConfig
                0x0800a1dc      0x200 ./Drivers/STM32L4xx_HAL_Driver/Src/stm32l4xx_hal_rcc.o
                0x0800a1dc                HAL_RCC_ClockConfig
 .text.HAL_RCC_GetSysClockFreq
                0x0800a3dc      0x114 ./Drivers/STM32L4xx_HAL_Driver/Src/stm32l4xx_hal_rcc.o
                0x0800a3dc                HAL_RCC_GetSysClockFreq
 .text.HAL_RCC_GetHCLKFreq
                0x0800a4f0       0x14 ./Drivers/STM32L4xx_HAL_Driver/Src/stm32l4xx_hal_rcc.o
                0x0800a4f0                HAL_RCC_GetHCLKFreq
 .text.HAL_RCC_GetPCLK1Freq
                0x0800a504       0x2c ./Drivers/STM32L4xx_HAL_Driver/Src/stm32l4xx_hal_rcc.o
                0x0800a504                HAL_RCC_GetPCLK1Freq
 .text.HAL_RCC_GetPCLK2Freq
                0x0800a530       0x2c ./Drivers/STM32L4xx_HAL_Driver/Src/stm32l4xx_hal_rcc.o
                0x0800a530                HAL_RCC_GetPCLK2Freq
 .text.RCC_SetFlashLatencyFromMSIRange
                0x0800a55c       0xc0 ./Drivers/STM32L4xx_HAL_Driver/Src/stm32l4xx_hal_rcc.o
 .text.HAL_RCCEx_PeriphCLKConfig
                0x0800a61c      0x5f8 ./Drivers/STM32L4xx_HAL_Driver/Src/stm32l4xx_hal_rcc_ex.o
                0x0800a61c                HAL_RCCEx_PeriphCLKConfig
 .text.HAL_RCCEx_GetPeriphCLKFreq
                0x0800ac14      0xb70 ./Drivers/STM32L4xx_HAL_Driver/Src/stm32l4xx_hal_rcc_ex.o
                0x0800ac14                HAL_RCCEx_GetPeriphCLKFreq
 .text.HAL_RCCEx_EnableMSIPLLMode
                0x0800b784       0x1c ./Drivers/STM32L4xx_HAL_Driver/Src/stm32l4xx_hal_rcc_ex.o
                0x0800b784                HAL_RCCEx_EnableMSIPLLMode
 .text.RCCEx_PLLSAI1_Config
                0x0800b7a0      0x1e4 ./Drivers/STM32L4xx_HAL_Driver/Src/stm32l4xx_hal_rcc_ex.o
 .text.RCCEx_PLLSAI2_Config
                0x0800b984      0x1b8 ./Drivers/STM32L4xx_HAL_Driver/Src/stm32l4xx_hal_rcc_ex.o
 .text.RCCEx_GetSAIxPeriphCLKFreq
                0x0800bb3c      0x200 ./Drivers/STM32L4xx_HAL_Driver/Src/stm32l4xx_hal_rcc_ex.o
 .text.HAL_SAI_InitProtocol
                0x0800bd3c       0x62 ./Drivers/STM32L4xx_HAL_Driver/Src/stm32l4xx_hal_sai.o
                0x0800bd3c                HAL_SAI_InitProtocol
 *fill*         0x0800bd9e        0x2 
 .text.HAL_SAI_Init
                0x0800bda0      0x2e4 ./Drivers/STM32L4xx_HAL_Driver/Src/stm32l4xx_hal_sai.o
                0x0800bda0                HAL_SAI_Init
 .text.HAL_SAI_DMAStop
                0x0800c084       0xa8 ./Drivers/STM32L4xx_HAL_Driver/Src/stm32l4xx_hal_sai.o
                0x0800c084                HAL_SAI_DMAStop
 .text.HAL_SAI_Transmit_DMA
                0x0800c12c      0x160 ./Drivers/STM32L4xx_HAL_Driver/Src/stm32l4xx_hal_sai.o
                0x0800c12c                HAL_SAI_Transmit_DMA
 .text.HAL_SAI_ErrorCallback
                0x0800c28c       0x12 ./Drivers/STM32L4xx_HAL_Driver/Src/stm32l4xx_hal_sai.o
                0x0800c28c                HAL_SAI_ErrorCallback
 *fill*         0x0800c29e        0x2 
 .text.SAI_InitI2S
                0x0800c2a0      0x160 ./Drivers/STM32L4xx_HAL_Driver/Src/stm32l4xx_hal_sai.o
 .text.SAI_InitPCM
                0x0800c400      0x104 ./Drivers/STM32L4xx_HAL_Driver/Src/stm32l4xx_hal_sai.o
 .text.SAI_InterruptFlag
                0x0800c504       0x6c ./Drivers/STM32L4xx_HAL_Driver/Src/stm32l4xx_hal_sai.o
 .text.SAI_Disable
                0x0800c570       0x70 ./Drivers/STM32L4xx_HAL_Driver/Src/stm32l4xx_hal_sai.o
 .text.SAI_DMATxCplt
                0x0800c5e0       0x5e ./Drivers/STM32L4xx_HAL_Driver/Src/stm32l4xx_hal_sai.o
 .text.SAI_DMATxHalfCplt
                0x0800c63e       0x1c ./Drivers/STM32L4xx_HAL_Driver/Src/stm32l4xx_hal_sai.o
 .text.SAI_DMAError
                0x0800c65a       0x52 ./Drivers/STM32L4xx_HAL_Driver/Src/stm32l4xx_hal_sai.o
 .text.HAL_SD_Init
                0x0800c6ac       0x8c ./Drivers/STM32L4xx_HAL_Driver/Src/stm32l4xx_hal_sd.o
                0x0800c6ac                HAL_SD_Init
 .text.HAL_SD_InitCard
                0x0800c738      0x160 ./Drivers/STM32L4xx_HAL_Driver/Src/stm32l4xx_hal_sd.o
                0x0800c738                HAL_SD_InitCard
 .text.HAL_SD_ReadBlocks
                0x0800c898      0x3bc ./Drivers/STM32L4xx_HAL_Driver/Src/stm32l4xx_hal_sd.o
                0x0800c898                HAL_SD_ReadBlocks
 .text.HAL_SD_WriteBlocks
                0x0800cc54      0x30c ./Drivers/STM32L4xx_HAL_Driver/Src/stm32l4xx_hal_sd.o
                0x0800cc54                HAL_SD_WriteBlocks
 .text.HAL_SD_IRQHandler
                0x0800cf60      0x2ec ./Drivers/STM32L4xx_HAL_Driver/Src/stm32l4xx_hal_sd.o
                0x0800cf60                HAL_SD_IRQHandler
 .text.HAL_SD_ErrorCallback
                0x0800d24c       0x12 ./Drivers/STM32L4xx_HAL_Driver/Src/stm32l4xx_hal_sd.o
                0x0800d24c                HAL_SD_ErrorCallback
 *fill*         0x0800d25e        0x2 
 .text.HAL_SD_GetCardCSD
                0x0800d260      0x348 ./Drivers/STM32L4xx_HAL_Driver/Src/stm32l4xx_hal_sd.o
                0x0800d260                HAL_SD_GetCardCSD
 .text.HAL_SD_GetCardInfo
                0x0800d5a8       0x56 ./Drivers/STM32L4xx_HAL_Driver/Src/stm32l4xx_hal_sd.o
                0x0800d5a8                HAL_SD_GetCardInfo
 *fill*         0x0800d5fe        0x2 
 .text.HAL_SD_ConfigWideBusOperation
                0x0800d600      0x180 ./Drivers/STM32L4xx_HAL_Driver/Src/stm32l4xx_hal_sd.o
                0x0800d600                HAL_SD_ConfigWideBusOperation
 .text.HAL_SD_GetCardState
                0x0800d780       0x40 ./Drivers/STM32L4xx_HAL_Driver/Src/stm32l4xx_hal_sd.o
                0x0800d780                HAL_SD_GetCardState
 .text.SD_DMATxAbort
                0x0800d7c0       0x6e ./Drivers/STM32L4xx_HAL_Driver/Src/stm32l4xx_hal_sd.o
 .text.SD_DMARxAbort
                0x0800d82e       0x6e ./Drivers/STM32L4xx_HAL_Driver/Src/stm32l4xx_hal_sd.o
 .text.SD_InitCard
                0x0800d89c      0x180 ./Drivers/STM32L4xx_HAL_Driver/Src/stm32l4xx_hal_sd.o
 .text.SD_PowerON
                0x0800da1c      0x11c ./Drivers/STM32L4xx_HAL_Driver/Src/stm32l4xx_hal_sd.o
 .text.SD_SendStatus
                0x0800db38       0x50 ./Drivers/STM32L4xx_HAL_Driver/Src/stm32l4xx_hal_sd.o
 .text.SD_WideBus_Enable
                0x0800db88       0x96 ./Drivers/STM32L4xx_HAL_Driver/Src/stm32l4xx_hal_sd.o
 .text.SD_WideBus_Disable
                0x0800dc1e       0x96 ./Drivers/STM32L4xx_HAL_Driver/Src/stm32l4xx_hal_sd.o
 .text.SD_FindSCR
                0x0800dcb4      0x1a6 ./Drivers/STM32L4xx_HAL_Driver/Src/stm32l4xx_hal_sd.o
 .text.SD_Read_IT
                0x0800de5a       0xa2 ./Drivers/STM32L4xx_HAL_Driver/Src/stm32l4xx_hal_sd.o
 .text.SD_Write_IT
                0x0800defc       0xaa ./Drivers/STM32L4xx_HAL_Driver/Src/stm32l4xx_hal_sd.o
 .text.HAL_TIM_Base_Init
                0x0800dfa6       0xae ./Drivers/STM32L4xx_HAL_Driver/Src/stm32l4xx_hal_tim.o
                0x0800dfa6                HAL_TIM_Base_Init
 .text.HAL_TIM_Base_Start_IT
                0x0800e054       0xe0 ./Drivers/STM32L4xx_HAL_Driver/Src/stm32l4xx_hal_tim.o
                0x0800e054                HAL_TIM_Base_Start_IT
 .text.HAL_TIM_IRQHandler
                0x0800e134      0x20e ./Drivers/STM32L4xx_HAL_Driver/Src/stm32l4xx_hal_tim.o
                0x0800e134                HAL_TIM_IRQHandler
 .text.HAL_TIM_ConfigClockSource
                0x0800e342      0x192 ./Drivers/STM32L4xx_HAL_Driver/Src/stm32l4xx_hal_tim.o
                0x0800e342                HAL_TIM_ConfigClockSource
 .text.HAL_TIM_PeriodElapsedCallback
                0x0800e4d4       0x12 ./Drivers/STM32L4xx_HAL_Driver/Src/stm32l4xx_hal_tim.o
                0x0800e4d4                HAL_TIM_PeriodElapsedCallback
 .text.HAL_TIM_OC_DelayElapsedCallback
                0x0800e4e6       0x12 ./Drivers/STM32L4xx_HAL_Driver/Src/stm32l4xx_hal_tim.o
                0x0800e4e6                HAL_TIM_OC_DelayElapsedCallback
 .text.HAL_TIM_IC_CaptureCallback
                0x0800e4f8       0x12 ./Drivers/STM32L4xx_HAL_Driver/Src/stm32l4xx_hal_tim.o
                0x0800e4f8                HAL_TIM_IC_CaptureCallback
 .text.HAL_TIM_PWM_PulseFinishedCallback
                0x0800e50a       0x12 ./Drivers/STM32L4xx_HAL_Driver/Src/stm32l4xx_hal_tim.o
                0x0800e50a                HAL_TIM_PWM_PulseFinishedCallback
 .text.HAL_TIM_TriggerCallback
                0x0800e51c       0x12 ./Drivers/STM32L4xx_HAL_Driver/Src/stm32l4xx_hal_tim.o
                0x0800e51c                HAL_TIM_TriggerCallback
 *fill*         0x0800e52e        0x2 
 .text.TIM_Base_SetConfig
                0x0800e530      0x13c ./Drivers/STM32L4xx_HAL_Driver/Src/stm32l4xx_hal_tim.o
                0x0800e530                TIM_Base_SetConfig
 .text.TIM_TI1_ConfigInputStage
                0x0800e66c       0xa4 ./Drivers/STM32L4xx_HAL_Driver/Src/stm32l4xx_hal_tim.o
 .text.TIM_TI2_ConfigInputStage
                0x0800e710       0x84 ./Drivers/STM32L4xx_HAL_Driver/Src/stm32l4xx_hal_tim.o
 .text.TIM_ITRx_SetConfig
                0x0800e794       0x34 ./Drivers/STM32L4xx_HAL_Driver/Src/stm32l4xx_hal_tim.o
 .text.TIM_ETR_SetConfig
                0x0800e7c8       0x3e ./Drivers/STM32L4xx_HAL_Driver/Src/stm32l4xx_hal_tim.o
                0x0800e7c8                TIM_ETR_SetConfig
 *fill*         0x0800e806        0x2 
 .text.HAL_TIMEx_MasterConfigSynchronization
                0x0800e808      0x10c ./Drivers/STM32L4xx_HAL_Driver/Src/stm32l4xx_hal_tim_ex.o
                0x0800e808                HAL_TIMEx_MasterConfigSynchronization
 .text.HAL_TIMEx_CommutCallback
                0x0800e914       0x12 ./Drivers/STM32L4xx_HAL_Driver/Src/stm32l4xx_hal_tim_ex.o
                0x0800e914                HAL_TIMEx_CommutCallback
 .text.HAL_TIMEx_BreakCallback
                0x0800e926       0x12 ./Drivers/STM32L4xx_HAL_Driver/Src/stm32l4xx_hal_tim_ex.o
                0x0800e926                HAL_TIMEx_BreakCallback
 .text.HAL_TIMEx_Break2Callback
                0x0800e938       0x12 ./Drivers/STM32L4xx_HAL_Driver/Src/stm32l4xx_hal_tim_ex.o
                0x0800e938                HAL_TIMEx_Break2Callback
 .text.HAL_UART_Init
                0x0800e94a       0x9c ./Drivers/STM32L4xx_HAL_Driver/Src/stm32l4xx_hal_uart.o
                0x0800e94a                HAL_UART_Init
 *fill*         0x0800e9e6        0x2 
 .text.UART_SetConfig
                0x0800e9e8      0x570 ./Drivers/STM32L4xx_HAL_Driver/Src/stm32l4xx_hal_uart.o
                0x0800e9e8                UART_SetConfig
 .text.UART_AdvFeatureConfig
                0x0800ef58      0x142 ./Drivers/STM32L4xx_HAL_Driver/Src/stm32l4xx_hal_uart.o
                0x0800ef58                UART_AdvFeatureConfig
 .text.UART_CheckIdleState
                0x0800f09a      0x150 ./Drivers/STM32L4xx_HAL_Driver/Src/stm32l4xx_hal_uart.o
                0x0800f09a                UART_CheckIdleState
 .text.UART_WaitOnFlagUntilTimeout
                0x0800f1ea       0xda ./Drivers/STM32L4xx_HAL_Driver/Src/stm32l4xx_hal_uart.o
                0x0800f1ea                UART_WaitOnFlagUntilTimeout
 .text.UART_EndRxTransfer
                0x0800f2c4       0xc6 ./Drivers/STM32L4xx_HAL_Driver/Src/stm32l4xx_hal_uart.o
 .text.SDMMC_Init
                0x0800f38a       0x58 ./Drivers/STM32L4xx_HAL_Driver/Src/stm32l4xx_ll_sdmmc.o
                0x0800f38a                SDMMC_Init
 .text.SDMMC_ReadFIFO
                0x0800f3e2       0x18 ./Drivers/STM32L4xx_HAL_Driver/Src/stm32l4xx_ll_sdmmc.o
                0x0800f3e2                SDMMC_ReadFIFO
 .text.SDMMC_WriteFIFO
                0x0800f3fa       0x20 ./Drivers/STM32L4xx_HAL_Driver/Src/stm32l4xx_ll_sdmmc.o
                0x0800f3fa                SDMMC_WriteFIFO
 .text.SDMMC_PowerState_ON
                0x0800f41a       0x1e ./Drivers/STM32L4xx_HAL_Driver/Src/stm32l4xx_ll_sdmmc.o
                0x0800f41a                SDMMC_PowerState_ON
 .text.SDMMC_GetPowerState
                0x0800f438       0x1a ./Drivers/STM32L4xx_HAL_Driver/Src/stm32l4xx_ll_sdmmc.o
                0x0800f438                SDMMC_GetPowerState
 .text.SDMMC_SendCommand
                0x0800f452       0x52 ./Drivers/STM32L4xx_HAL_Driver/Src/stm32l4xx_ll_sdmmc.o
                0x0800f452                SDMMC_SendCommand
 .text.SDMMC_GetCommandResponse
                0x0800f4a4       0x18 ./Drivers/STM32L4xx_HAL_Driver/Src/stm32l4xx_ll_sdmmc.o
                0x0800f4a4                SDMMC_GetCommandResponse
 .text.SDMMC_GetResponse
                0x0800f4bc       0x24 ./Drivers/STM32L4xx_HAL_Driver/Src/stm32l4xx_ll_sdmmc.o
                0x0800f4bc                SDMMC_GetResponse
 .text.SDMMC_ConfigData
                0x0800f4e0       0x56 ./Drivers/STM32L4xx_HAL_Driver/Src/stm32l4xx_ll_sdmmc.o
                0x0800f4e0                SDMMC_ConfigData
 .text.SDMMC_CmdBlockLength
                0x0800f536       0x44 ./Drivers/STM32L4xx_HAL_Driver/Src/stm32l4xx_ll_sdmmc.o
                0x0800f536                SDMMC_CmdBlockLength
 .text.SDMMC_CmdReadSingleBlock
                0x0800f57a       0x44 ./Drivers/STM32L4xx_HAL_Driver/Src/stm32l4xx_ll_sdmmc.o
                0x0800f57a                SDMMC_CmdReadSingleBlock
 .text.SDMMC_CmdReadMultiBlock
                0x0800f5be       0x44 ./Drivers/STM32L4xx_HAL_Driver/Src/stm32l4xx_ll_sdmmc.o
                0x0800f5be                SDMMC_CmdReadMultiBlock
 .text.SDMMC_CmdWriteSingleBlock
                0x0800f602       0x44 ./Drivers/STM32L4xx_HAL_Driver/Src/stm32l4xx_ll_sdmmc.o
                0x0800f602                SDMMC_CmdWriteSingleBlock
 .text.SDMMC_CmdWriteMultiBlock
                0x0800f646       0x44 ./Drivers/STM32L4xx_HAL_Driver/Src/stm32l4xx_ll_sdmmc.o
                0x0800f646                SDMMC_CmdWriteMultiBlock
 *fill*         0x0800f68a        0x2 
 .text.SDMMC_CmdStopTransfer
                0x0800f68c       0x44 ./Drivers/STM32L4xx_HAL_Driver/Src/stm32l4xx_ll_sdmmc.o
                0x0800f68c                SDMMC_CmdStopTransfer
 .text.SDMMC_CmdSelDesel
                0x0800f6d0       0x46 ./Drivers/STM32L4xx_HAL_Driver/Src/stm32l4xx_ll_sdmmc.o
                0x0800f6d0                SDMMC_CmdSelDesel
 .text.SDMMC_CmdGoIdleState
                0x0800f716       0x3c ./Drivers/STM32L4xx_HAL_Driver/Src/stm32l4xx_ll_sdmmc.o
                0x0800f716                SDMMC_CmdGoIdleState
 .text.SDMMC_CmdOperCond
                0x0800f752       0x3e ./Drivers/STM32L4xx_HAL_Driver/Src/stm32l4xx_ll_sdmmc.o
                0x0800f752                SDMMC_CmdOperCond
 .text.SDMMC_CmdAppCommand
                0x0800f790       0x44 ./Drivers/STM32L4xx_HAL_Driver/Src/stm32l4xx_ll_sdmmc.o
                0x0800f790                SDMMC_CmdAppCommand
 .text.SDMMC_CmdAppOperCommand
                0x0800f7d4       0x46 ./Drivers/STM32L4xx_HAL_Driver/Src/stm32l4xx_ll_sdmmc.o
                0x0800f7d4                SDMMC_CmdAppOperCommand
 .text.SDMMC_CmdBusWidth
                0x0800f81a       0x44 ./Drivers/STM32L4xx_HAL_Driver/Src/stm32l4xx_ll_sdmmc.o
                0x0800f81a                SDMMC_CmdBusWidth
 .text.SDMMC_CmdSendSCR
                0x0800f85e       0x42 ./Drivers/STM32L4xx_HAL_Driver/Src/stm32l4xx_ll_sdmmc.o
                0x0800f85e                SDMMC_CmdSendSCR
 .text.SDMMC_CmdSendCID
                0x0800f8a0       0x3c ./Drivers/STM32L4xx_HAL_Driver/Src/stm32l4xx_ll_sdmmc.o
                0x0800f8a0                SDMMC_CmdSendCID
 .text.SDMMC_CmdSendCSD
                0x0800f8dc       0x3e ./Drivers/STM32L4xx_HAL_Driver/Src/stm32l4xx_ll_sdmmc.o
                0x0800f8dc                SDMMC_CmdSendCSD
 .text.SDMMC_CmdSetRelAdd
                0x0800f91a       0x42 ./Drivers/STM32L4xx_HAL_Driver/Src/stm32l4xx_ll_sdmmc.o
                0x0800f91a                SDMMC_CmdSetRelAdd
 .text.SDMMC_CmdSendStatus
                0x0800f95c       0x44 ./Drivers/STM32L4xx_HAL_Driver/Src/stm32l4xx_ll_sdmmc.o
                0x0800f95c                SDMMC_CmdSendStatus
 .text.SDMMC_GetCmdResp1
                0x0800f9a0      0x1dc ./Drivers/STM32L4xx_HAL_Driver/Src/stm32l4xx_ll_sdmmc.o
                0x0800f9a0                SDMMC_GetCmdResp1
 .text.SDMMC_GetCmdResp2
                0x0800fb7c       0x90 ./Drivers/STM32L4xx_HAL_Driver/Src/stm32l4xx_ll_sdmmc.o
                0x0800fb7c                SDMMC_GetCmdResp2
 .text.SDMMC_GetCmdResp3
                0x0800fc0c       0x78 ./Drivers/STM32L4xx_HAL_Driver/Src/stm32l4xx_ll_sdmmc.o
                0x0800fc0c                SDMMC_GetCmdResp3
 .text.SDMMC_GetCmdResp6
                0x0800fc84       0xec ./Drivers/STM32L4xx_HAL_Driver/Src/stm32l4xx_ll_sdmmc.o
                0x0800fc84                SDMMC_GetCmdResp6
 .text.SDMMC_GetCmdResp7
                0x0800fd70       0x9c ./Drivers/STM32L4xx_HAL_Driver/Src/stm32l4xx_ll_sdmmc.o
                0x0800fd70                SDMMC_GetCmdResp7
 .text.SDMMC_GetCmdError
                0x0800fe0c       0x54 ./Drivers/STM32L4xx_HAL_Driver/Src/stm32l4xx_ll_sdmmc.o
 .text.USB_CoreInit
                0x0800fe60       0x5a ./Drivers/STM32L4xx_HAL_Driver/Src/stm32l4xx_ll_usb.o
                0x0800fe60                USB_CoreInit
 .text.USB_EnableGlobalInt
                0x0800feba       0x20 ./Drivers/STM32L4xx_HAL_Driver/Src/stm32l4xx_ll_usb.o
                0x0800feba                USB_EnableGlobalInt
 .text.USB_DisableGlobalInt
                0x0800feda       0x20 ./Drivers/STM32L4xx_HAL_Driver/Src/stm32l4xx_ll_usb.o
                0x0800feda                USB_DisableGlobalInt
 .text.USB_SetCurrentMode
                0x0800fefa       0x98 ./Drivers/STM32L4xx_HAL_Driver/Src/stm32l4xx_ll_usb.o
                0x0800fefa                USB_SetCurrentMode
 .text.USB_FlushTxFifo
                0x0800ff92       0x62 ./Drivers/STM32L4xx_HAL_Driver/Src/stm32l4xx_ll_usb.o
                0x0800ff92                USB_FlushTxFifo
 .text.USB_FlushRxFifo
                0x0800fff4       0x5a ./Drivers/STM32L4xx_HAL_Driver/Src/stm32l4xx_ll_usb.o
                0x0800fff4                USB_FlushRxFifo
 .text.USB_WritePacket
                0x0801004e       0x72 ./Drivers/STM32L4xx_HAL_Driver/Src/stm32l4xx_ll_usb.o
                0x0801004e                USB_WritePacket
 .text.USB_ReadPacket
                0x080100c0       0xae ./Drivers/STM32L4xx_HAL_Driver/Src/stm32l4xx_ll_usb.o
                0x080100c0                USB_ReadPacket
 .text.USB_ReadInterrupts
                0x0801016e       0x24 ./Drivers/STM32L4xx_HAL_Driver/Src/stm32l4xx_ll_usb.o
                0x0801016e                USB_ReadInterrupts
 .text.USB_ReadChInterrupts
                0x08010192       0x40 ./Drivers/STM32L4xx_HAL_Driver/Src/stm32l4xx_ll_usb.o
                0x08010192                USB_ReadChInterrupts
 .text.USB_GetMode
                0x080101d2       0x1a ./Drivers/STM32L4xx_HAL_Driver/Src/stm32l4xx_ll_usb.o
                0x080101d2                USB_GetMode
 .text.USB_CoreReset
                0x080101ec       0x6e ./Drivers/STM32L4xx_HAL_Driver/Src/stm32l4xx_ll_usb.o
 *fill*         0x0801025a        0x2 
 .text.USB_HostInit
                0x0801025c      0x108 ./Drivers/STM32L4xx_HAL_Driver/Src/stm32l4xx_ll_usb.o
                0x0801025c                USB_HostInit
 .text.USB_InitFSLSPClkSel
                0x08010364       0x78 ./Drivers/STM32L4xx_HAL_Driver/Src/stm32l4xx_ll_usb.o
                0x08010364                USB_InitFSLSPClkSel
 .text.USB_ResetPort
                0x080103dc       0x54 ./Drivers/STM32L4xx_HAL_Driver/Src/stm32l4xx_ll_usb.o
                0x080103dc                USB_ResetPort
 .text.USB_DriveVbus
                0x08010430       0x70 ./Drivers/STM32L4xx_HAL_Driver/Src/stm32l4xx_ll_usb.o
                0x08010430                USB_DriveVbus
 .text.USB_GetHostSpeed
                0x080104a0       0x2c ./Drivers/STM32L4xx_HAL_Driver/Src/stm32l4xx_ll_usb.o
                0x080104a0                USB_GetHostSpeed
 .text.USB_GetCurrentFrame
                0x080104cc       0x20 ./Drivers/STM32L4xx_HAL_Driver/Src/stm32l4xx_ll_usb.o
                0x080104cc                USB_GetCurrentFrame
 .text.USB_HC_Init
                0x080104ec      0x218 ./Drivers/STM32L4xx_HAL_Driver/Src/stm32l4xx_ll_usb.o
                0x080104ec                USB_HC_Init
 .text.USB_HC_StartXfer
                0x08010704      0x1f0 ./Drivers/STM32L4xx_HAL_Driver/Src/stm32l4xx_ll_usb.o
                0x08010704                USB_HC_StartXfer
 .text.USB_HC_ReadInterrupt
                0x080108f4       0x20 ./Drivers/STM32L4xx_HAL_Driver/Src/stm32l4xx_ll_usb.o
                0x080108f4                USB_HC_ReadInterrupt
 .text.USB_HC_Halt
                0x08010914      0x23e ./Drivers/STM32L4xx_HAL_Driver/Src/stm32l4xx_ll_usb.o
                0x08010914                USB_HC_Halt
 .text.USB_StopHost
                0x08010b52      0x124 ./Drivers/STM32L4xx_HAL_Driver/Src/stm32l4xx_ll_usb.o
                0x08010b52                USB_StopHost
 *fill*         0x08010c76        0x2 
 .text.MX_FATFS_Init
                0x08010c78       0x24 ./FATFS/App/fatfs.o
                0x08010c78                MX_FATFS_Init
 .text.get_fattime
                0x08010c9c        0xe ./FATFS/App/fatfs.o
                0x08010c9c                get_fattime
 *fill*         0x08010caa        0x2 
 .text.BSP_SD_Init
                0x08010cac       0x30 ./FATFS/Target/bsp_driver_sd.o
                0x08010cac                BSP_SD_Init
 .text.BSP_SD_ReadBlocks
                0x08010cdc       0x3c ./FATFS/Target/bsp_driver_sd.o
                0x08010cdc                BSP_SD_ReadBlocks
 .text.BSP_SD_WriteBlocks
                0x08010d18       0x3c ./FATFS/Target/bsp_driver_sd.o
                0x08010d18                BSP_SD_WriteBlocks
 .text.BSP_SD_GetCardState
                0x08010d54       0x20 ./FATFS/Target/bsp_driver_sd.o
                0x08010d54                BSP_SD_GetCardState
 .text.BSP_SD_GetCardInfo
                0x08010d74       0x1c ./FATFS/Target/bsp_driver_sd.o
                0x08010d74                BSP_SD_GetCardInfo
 .text.HAL_SD_AbortCallback
                0x08010d90       0x14 ./FATFS/Target/bsp_driver_sd.o
                0x08010d90                HAL_SD_AbortCallback
 .text.HAL_SD_TxCpltCallback
                0x08010da4       0x14 ./FATFS/Target/bsp_driver_sd.o
                0x08010da4                HAL_SD_TxCpltCallback
 .text.HAL_SD_RxCpltCallback
                0x08010db8       0x14 ./FATFS/Target/bsp_driver_sd.o
                0x08010db8                HAL_SD_RxCpltCallback
 .text.BSP_SD_AbortCallback
                0x08010dcc        0xc ./FATFS/Target/bsp_driver_sd.o
                0x08010dcc                BSP_SD_AbortCallback
 .text.BSP_SD_WriteCpltCallback
                0x08010dd8        0xc ./FATFS/Target/bsp_driver_sd.o
                0x08010dd8                BSP_SD_WriteCpltCallback
 .text.BSP_SD_ReadCpltCallback
                0x08010de4        0xc ./FATFS/Target/bsp_driver_sd.o
                0x08010de4                BSP_SD_ReadCpltCallback
 .text.BSP_SD_IsDetected
                0x08010df0       0x18 ./FATFS/Target/bsp_driver_sd.o
                0x08010df0                BSP_SD_IsDetected
 .text.SD_CheckStatus
                0x08010e08       0x3c ./FATFS/Target/sd_diskio.o
 .text.SD_initialize
                0x08010e44       0x3c ./FATFS/Target/sd_diskio.o
                0x08010e44                SD_initialize
 .text.SD_status
                0x08010e80       0x1c ./FATFS/Target/sd_diskio.o
                0x08010e80                SD_status
 .text.SD_read  0x08010e9c       0x42 ./FATFS/Target/sd_diskio.o
                0x08010e9c                SD_read
 .text.SD_write
                0x08010ede       0x42 ./FATFS/Target/sd_diskio.o
                0x08010ede                SD_write
 .text.SD_ioctl
                0x08010f20       0xb0 ./FATFS/Target/sd_diskio.o
                0x08010f20                SD_ioctl
 .text.USBH_AUDIO_InterfaceInit
                0x08010fd0      0x37e ./Middlewares/ST/STM32_USB_Host_Library/Class/AUDIO/Src/usbh_audio.o
 .text.USBH_AUDIO_InterfaceDeInit
                0x0801134e       0xca ./Middlewares/ST/STM32_USB_Host_Library/Class/AUDIO/Src/usbh_audio.o
 .text.USBH_AUDIO_ClassRequest
                0x08011418      0x1c4 ./Middlewares/ST/STM32_USB_Host_Library/Class/AUDIO/Src/usbh_audio.o
 .text.USBH_AUDIO_CSRequest
                0x080115dc      0x1a0 ./Middlewares/ST/STM32_USB_Host_Library/Class/AUDIO/Src/usbh_audio.o
 .text.USBH_AUDIO_HandleCSRequest
                0x0801177c       0x7c ./Middlewares/ST/STM32_USB_Host_Library/Class/AUDIO/Src/usbh_audio.o
 .text.USBH_AUDIO_Process
                0x080117f8       0x40 ./Middlewares/ST/STM32_USB_Host_Library/Class/AUDIO/Src/usbh_audio.o
 .text.USBH_AUDIO_SOFProcess
                0x08011838       0x14 ./Middlewares/ST/STM32_USB_Host_Library/Class/AUDIO/Src/usbh_audio.o
 .text.USBH_AUDIO_FindAudioStreamingIN
                0x0801184c      0x17c ./Middlewares/ST/STM32_USB_Host_Library/Class/AUDIO/Src/usbh_audio.o
 .text.USBH_AUDIO_FindAudioStreamingOUT
                0x080119c8      0x17c ./Middlewares/ST/STM32_USB_Host_Library/Class/AUDIO/Src/usbh_audio.o
 .text.USBH_AUDIO_FindHIDControl
                0x08011b44      0x104 ./Middlewares/ST/STM32_USB_Host_Library/Class/AUDIO/Src/usbh_audio.o
 .text.USBH_AUDIO_ParseCSDescriptors
                0x08011c48       0xda ./Middlewares/ST/STM32_USB_Host_Library/Class/AUDIO/Src/usbh_audio.o
 *fill*         0x08011d22        0x2 
 .text.ParseCSDescriptors
                0x08011d24      0x134 ./Middlewares/ST/STM32_USB_Host_Library/Class/AUDIO/Src/usbh_audio.o
 .text.USBH_AUDIO_FindLinkedUnit
                0x08011e58      0x166 ./Middlewares/ST/STM32_USB_Host_Library/Class/AUDIO/Src/usbh_audio.o
 *fill*         0x08011fbe        0x2 
 .text.USBH_AUDIO_BuildMicrophonePath
                0x08011fc0      0x110 ./Middlewares/ST/STM32_USB_Host_Library/Class/AUDIO/Src/usbh_audio.o
 .text.USBH_AUDIO_BuildHeadphonePath
                0x080120d0      0x184 ./Middlewares/ST/STM32_USB_Host_Library/Class/AUDIO/Src/usbh_audio.o
 .text.USBH_AC_SetCur
                0x08012254       0xf4 ./Middlewares/ST/STM32_USB_Host_Library/Class/AUDIO/Src/usbh_audio.o
 .text.USBH_AC_GetCur
                0x08012348      0x12e ./Middlewares/ST/STM32_USB_Host_Library/Class/AUDIO/Src/usbh_audio.o
 .text.USBH_AC_GetMax
                0x08012476      0x12e ./Middlewares/ST/STM32_USB_Host_Library/Class/AUDIO/Src/usbh_audio.o
 .text.USBH_AC_GetRes
                0x080125a4      0x12e ./Middlewares/ST/STM32_USB_Host_Library/Class/AUDIO/Src/usbh_audio.o
 .text.USBH_AC_GetMin
                0x080126d2      0x12e ./Middlewares/ST/STM32_USB_Host_Library/Class/AUDIO/Src/usbh_audio.o
 .text.USBH_AUDIO_SetEndpointControls
                0x08012800       0x50 ./Middlewares/ST/STM32_USB_Host_Library/Class/AUDIO/Src/usbh_audio.o
 .text.USBH_AUDIO_InputStream
                0x08012850       0x18 ./Middlewares/ST/STM32_USB_Host_Library/Class/AUDIO/Src/usbh_audio.o
 .text.USBH_AUDIO_Control
                0x08012868      0x168 ./Middlewares/ST/STM32_USB_Host_Library/Class/AUDIO/Src/usbh_audio.o
 .text.USBH_AUDIO_OutputStream
                0x080129d0       0xf0 ./Middlewares/ST/STM32_USB_Host_Library/Class/AUDIO/Src/usbh_audio.o
 .text.USBH_AUDIO_Transmit
                0x08012ac0      0x168 ./Middlewares/ST/STM32_USB_Host_Library/Class/AUDIO/Src/usbh_audio.o
 .text.USBH_AUDIO_SetControlAttribute
                0x08012c28       0xf8 ./Middlewares/ST/STM32_USB_Host_Library/Class/AUDIO/Src/usbh_audio.o
 .text.AUDIO_SetVolume
                0x08012d20       0x52 ./Middlewares/ST/STM32_USB_Host_Library/Class/AUDIO/Src/usbh_audio.o
 .text.USBH_AUDIO_FrequencySet
                0x08012d72       0x12 ./Middlewares/ST/STM32_USB_Host_Library/Class/AUDIO/Src/usbh_audio.o
                0x08012d72                USBH_AUDIO_FrequencySet
 .text.USBH_AUDIO_BufferEmptyCallback
                0x08012d84       0x12 ./Middlewares/ST/STM32_USB_Host_Library/Class/AUDIO/Src/usbh_audio.o
                0x08012d84                USBH_AUDIO_BufferEmptyCallback
 .text.USBH_Init
                0x08012d96       0x74 ./Middlewares/ST/STM32_USB_Host_Library/Core/Src/usbh_core.o
                0x08012d96                USBH_Init
 .text.DeInitStateMachine
                0x08012e0a       0xe6 ./Middlewares/ST/STM32_USB_Host_Library/Core/Src/usbh_core.o
 .text.USBH_RegisterClass
                0x08012ef0       0x54 ./Middlewares/ST/STM32_USB_Host_Library/Core/Src/usbh_core.o
                0x08012ef0                USBH_RegisterClass
 .text.USBH_FindInterface
                0x08012f44       0x8a ./Middlewares/ST/STM32_USB_Host_Library/Core/Src/usbh_core.o
                0x08012f44                USBH_FindInterface
 .text.USBH_FindInterfaceIndex
                0x08012fce       0x64 ./Middlewares/ST/STM32_USB_Host_Library/Core/Src/usbh_core.o
                0x08012fce                USBH_FindInterfaceIndex
 .text.USBH_Start
                0x08013032       0x20 ./Middlewares/ST/STM32_USB_Host_Library/Core/Src/usbh_core.o
                0x08013032                USBH_Start
 *fill*         0x08013052        0x2 
 .text.USBH_Process
                0x08013054      0x3e4 ./Middlewares/ST/STM32_USB_Host_Library/Core/Src/usbh_core.o
                0x08013054                USBH_Process
 .text.USBH_HandleEnum
                0x08013438      0x3c0 ./Middlewares/ST/STM32_USB_Host_Library/Core/Src/usbh_core.o
 .text.USBH_LL_SetTimer
                0x080137f8       0x1c ./Middlewares/ST/STM32_USB_Host_Library/Core/Src/usbh_core.o
                0x080137f8                USBH_LL_SetTimer
 .text.USBH_LL_IncTimer
                0x08013814       0x24 ./Middlewares/ST/STM32_USB_Host_Library/Core/Src/usbh_core.o
                0x08013814                USBH_LL_IncTimer
 .text.USBH_HandleSof
                0x08013838       0x30 ./Middlewares/ST/STM32_USB_Host_Library/Core/Src/usbh_core.o
 .text.USBH_LL_PortEnabled
                0x08013868       0x1a ./Middlewares/ST/STM32_USB_Host_Library/Core/Src/usbh_core.o
                0x08013868                USBH_LL_PortEnabled
 .text.USBH_LL_PortDisabled
                0x08013882       0x1a ./Middlewares/ST/STM32_USB_Host_Library/Core/Src/usbh_core.o
                0x08013882                USBH_LL_PortDisabled
 .text.USBH_LL_Connect
                0x0801389c       0x2c ./Middlewares/ST/STM32_USB_Host_Library/Core/Src/usbh_core.o
                0x0801389c                USBH_LL_Connect
 .text.USBH_LL_Disconnect
                0x080138c8       0x48 ./Middlewares/ST/STM32_USB_Host_Library/Core/Src/usbh_core.o
                0x080138c8                USBH_LL_Disconnect
 .text.USBH_Get_DevDesc
                0x08013910       0x58 ./Middlewares/ST/STM32_USB_Host_Library/Core/Src/usbh_ctlreq.o
                0x08013910                USBH_Get_DevDesc
 .text.USBH_Get_CfgDesc
                0x08013968       0x54 ./Middlewares/ST/STM32_USB_Host_Library/Core/Src/usbh_ctlreq.o
                0x08013968                USBH_Get_CfgDesc
 .text.USBH_Get_StringDesc
                0x080139bc       0x68 ./Middlewares/ST/STM32_USB_Host_Library/Core/Src/usbh_ctlreq.o
                0x080139bc                USBH_Get_StringDesc
 .text.USBH_GetDescriptor
                0x08013a24       0x6a ./Middlewares/ST/STM32_USB_Host_Library/Core/Src/usbh_ctlreq.o
                0x08013a24                USBH_GetDescriptor
 .text.USBH_SetAddress
                0x08013a8e       0x48 ./Middlewares/ST/STM32_USB_Host_Library/Core/Src/usbh_ctlreq.o
                0x08013a8e                USBH_SetAddress
 .text.USBH_SetCfg
                0x08013ad6       0x46 ./Middlewares/ST/STM32_USB_Host_Library/Core/Src/usbh_ctlreq.o
                0x08013ad6                USBH_SetCfg
 .text.USBH_SetInterface
                0x08013b1c       0x4e ./Middlewares/ST/STM32_USB_Host_Library/Core/Src/usbh_ctlreq.o
                0x08013b1c                USBH_SetInterface
 .text.USBH_SetFeature
                0x08013b6a       0x48 ./Middlewares/ST/STM32_USB_Host_Library/Core/Src/usbh_ctlreq.o
                0x08013b6a                USBH_SetFeature
 *fill*         0x08013bb2        0x2 
 .text.USBH_ParseDevDesc
                0x08013bb4      0x15c ./Middlewares/ST/STM32_USB_Host_Library/Core/Src/usbh_ctlreq.o
 .text.USBH_ParseCfgDesc
                0x08013d10      0x1f8 ./Middlewares/ST/STM32_USB_Host_Library/Core/Src/usbh_ctlreq.o
 .text.USBH_ParseInterfaceDesc
                0x08013f08       0x5c ./Middlewares/ST/STM32_USB_Host_Library/Core/Src/usbh_ctlreq.o
 .text.USBH_ParseEPDesc
                0x08013f64      0x1ce ./Middlewares/ST/STM32_USB_Host_Library/Core/Src/usbh_ctlreq.o
 .text.USBH_ParseStringDesc
                0x08014132       0x64 ./Middlewares/ST/STM32_USB_Host_Library/Core/Src/usbh_ctlreq.o
 .text.USBH_GetNextDesc
                0x08014196       0x32 ./Middlewares/ST/STM32_USB_Host_Library/Core/Src/usbh_ctlreq.o
                0x08014196                USBH_GetNextDesc
 .text.USBH_CtlReq
                0x080141c8       0x7a ./Middlewares/ST/STM32_USB_Host_Library/Core/Src/usbh_ctlreq.o
                0x080141c8                USBH_CtlReq
 *fill*         0x08014242        0x2 
 .text.USBH_HandleControl
                0x08014244      0x2ec ./Middlewares/ST/STM32_USB_Host_Library/Core/Src/usbh_ctlreq.o
 .text.USBH_CtlSendSetup
                0x08014530       0x34 ./Middlewares/ST/STM32_USB_Host_Library/Core/Src/usbh_ioreq.o
                0x08014530                USBH_CtlSendSetup
 .text.USBH_CtlSendData
                0x08014564       0x4a ./Middlewares/ST/STM32_USB_Host_Library/Core/Src/usbh_ioreq.o
                0x08014564                USBH_CtlSendData
 .text.USBH_CtlReceiveData
                0x080145ae       0x3c ./Middlewares/ST/STM32_USB_Host_Library/Core/Src/usbh_ioreq.o
                0x080145ae                USBH_CtlReceiveData
 .text.USBH_InterruptReceiveData
                0x080145ea       0x3e ./Middlewares/ST/STM32_USB_Host_Library/Core/Src/usbh_ioreq.o
                0x080145ea                USBH_InterruptReceiveData
 .text.USBH_IsocSendData
                0x08014628       0x36 ./Middlewares/ST/STM32_USB_Host_Library/Core/Src/usbh_ioreq.o
                0x08014628                USBH_IsocSendData
 .text.USBH_OpenPipe
                0x0801465e       0x3e ./Middlewares/ST/STM32_USB_Host_Library/Core/Src/usbh_pipes.o
                0x0801465e                USBH_OpenPipe
 .text.USBH_ClosePipe
                0x0801469c       0x20 ./Middlewares/ST/STM32_USB_Host_Library/Core/Src/usbh_pipes.o
                0x0801469c                USBH_ClosePipe
 .text.USBH_AllocPipe
                0x080146bc       0x44 ./Middlewares/ST/STM32_USB_Host_Library/Core/Src/usbh_pipes.o
                0x080146bc                USBH_AllocPipe
 .text.USBH_FreePipe
                0x08014700       0x3e ./Middlewares/ST/STM32_USB_Host_Library/Core/Src/usbh_pipes.o
                0x08014700                USBH_FreePipe
 .text.USBH_GetFreePipe
                0x0801473e       0x48 ./Middlewares/ST/STM32_USB_Host_Library/Core/Src/usbh_pipes.o
 *fill*         0x08014786        0x2 
 .text.disk_status
                0x08014788       0x34 ./Middlewares/Third_Party/FatFs/src/diskio.o
                0x08014788                disk_status
 .text.disk_initialize
                0x080147bc       0x4c ./Middlewares/Third_Party/FatFs/src/diskio.o
                0x080147bc                disk_initialize
 .text.disk_read
                0x08014808       0x40 ./Middlewares/Third_Party/FatFs/src/diskio.o
                0x08014808                disk_read
 .text.disk_write
                0x08014848       0x40 ./Middlewares/Third_Party/FatFs/src/diskio.o
                0x08014848                disk_write
 .text.disk_ioctl
                0x08014888       0x3c ./Middlewares/Third_Party/FatFs/src/diskio.o
                0x08014888                disk_ioctl
 .text.ld_word  0x080148c4       0x30 ./Middlewares/Third_Party/FatFs/src/ff.o
 .text.ld_dword
                0x080148f4       0x44 ./Middlewares/Third_Party/FatFs/src/ff.o
 .text.st_word  0x08014938       0x34 ./Middlewares/Third_Party/FatFs/src/ff.o
 .text.st_dword
                0x0801496c       0x56 ./Middlewares/Third_Party/FatFs/src/ff.o
 .text.mem_cpy  0x080149c2       0x40 ./Middlewares/Third_Party/FatFs/src/ff.o
 .text.mem_set  0x08014a02       0x34 ./Middlewares/Third_Party/FatFs/src/ff.o
 .text.mem_cmp  0x08014a36       0x4c ./Middlewares/Third_Party/FatFs/src/ff.o
 .text.chk_chr  0x08014a82       0x34 ./Middlewares/Third_Party/FatFs/src/ff.o
 *fill*         0x08014ab6        0x2 
 .text.chk_lock
                0x08014ab8       0xb4 ./Middlewares/Third_Party/FatFs/src/ff.o
 .text.enq_lock
                0x08014b6c       0x40 ./Middlewares/Third_Party/FatFs/src/ff.o
 .text.inc_lock
                0x08014bac      0x11c ./Middlewares/Third_Party/FatFs/src/ff.o
 .text.dec_lock
                0x08014cc8       0x74 ./Middlewares/Third_Party/FatFs/src/ff.o
 .text.clear_lock
                0x08014d3c       0x48 ./Middlewares/Third_Party/FatFs/src/ff.o
 .text.sync_window
                0x08014d84       0x88 ./Middlewares/Third_Party/FatFs/src/ff.o
 .text.move_window
                0x08014e0c       0x5a ./Middlewares/Third_Party/FatFs/src/ff.o
 *fill*         0x08014e66        0x2 
 .text.sync_fs  0x08014e68       0xdc ./Middlewares/Third_Party/FatFs/src/ff.o
 .text.clust2sect
                0x08014f44       0x3c ./Middlewares/Third_Party/FatFs/src/ff.o
 .text.get_fat  0x08014f80      0x14e ./Middlewares/Third_Party/FatFs/src/ff.o
 .text.put_fat  0x080150ce      0x1d4 ./Middlewares/Third_Party/FatFs/src/ff.o
 .text.remove_chain
                0x080152a2       0xca ./Middlewares/Third_Party/FatFs/src/ff.o
 .text.create_chain
                0x0801536c      0x130 ./Middlewares/Third_Party/FatFs/src/ff.o
 .text.clmt_clust
                0x0801549c       0x66 ./Middlewares/Third_Party/FatFs/src/ff.o
 .text.dir_sdi  0x08015502       0xf6 ./Middlewares/Third_Party/FatFs/src/ff.o
 .text.dir_next
                0x080155f8      0x18a ./Middlewares/Third_Party/FatFs/src/ff.o
 .text.dir_alloc
                0x08015782       0x8e ./Middlewares/Third_Party/FatFs/src/ff.o
 .text.ld_clust
                0x08015810       0x3e ./Middlewares/Third_Party/FatFs/src/ff.o
 .text.st_clust
                0x0801584e       0x40 ./Middlewares/Third_Party/FatFs/src/ff.o
 .text.dir_read
                0x0801588e       0xba ./Middlewares/Third_Party/FatFs/src/ff.o
 .text.dir_find
                0x08015948       0xaa ./Middlewares/Third_Party/FatFs/src/ff.o
 .text.dir_register
                0x080159f2       0x64 ./Middlewares/Third_Party/FatFs/src/ff.o
 .text.get_fileinfo
                0x08015a56       0xc0 ./Middlewares/Third_Party/FatFs/src/ff.o
 *fill*         0x08015b16        0x2 
 .text.create_name
                0x08015b18      0x128 ./Middlewares/Third_Party/FatFs/src/ff.o
 .text.follow_path
                0x08015c40       0xe2 ./Middlewares/Third_Party/FatFs/src/ff.o
 .text.get_ldnumber
                0x08015d22       0x86 ./Middlewares/Third_Party/FatFs/src/ff.o
 .text.check_fs
                0x08015da8       0xac ./Middlewares/Third_Party/FatFs/src/ff.o
 .text.find_volume
                0x08015e54      0x498 ./Middlewares/Third_Party/FatFs/src/ff.o
 .text.validate
                0x080162ec       0x6a ./Middlewares/Third_Party/FatFs/src/ff.o
 *fill*         0x08016356        0x2 
 .text.f_mount  0x08016358       0x8c ./Middlewares/Third_Party/FatFs/src/ff.o
                0x08016358                f_mount
 .text.f_open   0x080163e4      0x374 ./Middlewares/Third_Party/FatFs/src/ff.o
                0x080163e4                f_open
 .text.f_read   0x08016758      0x27e ./Middlewares/Third_Party/FatFs/src/ff.o
                0x08016758                f_read
 .text.f_sync   0x080169d6       0xfc ./Middlewares/Third_Party/FatFs/src/ff.o
                0x080169d6                f_sync
 .text.f_close  0x08016ad2       0x54 ./Middlewares/Third_Party/FatFs/src/ff.o
                0x08016ad2                f_close
 .text.f_opendir
                0x08016b26       0xe6 ./Middlewares/Third_Party/FatFs/src/ff.o
                0x08016b26                f_opendir
 .text.f_closedir
                0x08016c0c       0x4c ./Middlewares/Third_Party/FatFs/src/ff.o
                0x08016c0c                f_closedir
 .text.f_readdir
                0x08016c58       0x7a ./Middlewares/Third_Party/FatFs/src/ff.o
                0x08016c58                f_readdir
 *fill*         0x08016cd2        0x2 
 .text.FATFS_LinkDriverEx
                0x08016cd4       0x94 ./Middlewares/Third_Party/FatFs/src/ff_gen_drv.o
                0x08016cd4                FATFS_LinkDriverEx
 .text.FATFS_LinkDriver
                0x08016d68       0x1e ./Middlewares/Third_Party/FatFs/src/ff_gen_drv.o
                0x08016d68                FATFS_LinkDriver
 *fill*         0x08016d86        0x2 
 .text.MX_USB_HOST_Init
                0x08016d88       0x4c ./USB_HOST/App/usb_host.o
                0x08016d88                MX_USB_HOST_Init
 .text.MX_USB_HOST_Process
                0x08016dd4       0x14 ./USB_HOST/App/usb_host.o
                0x08016dd4                MX_USB_HOST_Process
 .text.USBH_UserProcess
                0x08016de8       0x58 ./USB_HOST/App/usb_host.o
 .text.HAL_HCD_MspInit
                0x08016e40       0xcc ./USB_HOST/Target/usbh_conf.o
                0x08016e40                HAL_HCD_MspInit
 .text.HAL_HCD_SOF_Callback
                0x08016f0c       0x1c ./USB_HOST/Target/usbh_conf.o
                0x08016f0c                HAL_HCD_SOF_Callback
 .text.HAL_HCD_Connect_Callback
                0x08016f28       0x1c ./USB_HOST/Target/usbh_conf.o
                0x08016f28                HAL_HCD_Connect_Callback
 .text.HAL_HCD_Disconnect_Callback
                0x08016f44       0x1c ./USB_HOST/Target/usbh_conf.o
                0x08016f44                HAL_HCD_Disconnect_Callback
 .text.HAL_HCD_HC_NotifyURBChange_Callback
                0x08016f60       0x1a ./USB_HOST/Target/usbh_conf.o
                0x08016f60                HAL_HCD_HC_NotifyURBChange_Callback
 .text.HAL_HCD_PortEnabled_Callback
                0x08016f7a       0x1c ./USB_HOST/Target/usbh_conf.o
                0x08016f7a                HAL_HCD_PortEnabled_Callback
 .text.HAL_HCD_PortDisabled_Callback
                0x08016f96       0x1c ./USB_HOST/Target/usbh_conf.o
                0x08016f96                HAL_HCD_PortDisabled_Callback
 *fill*         0x08016fb2        0x2 
 .text.USBH_LL_Init
                0x08016fb4       0x78 ./USB_HOST/Target/usbh_conf.o
                0x08016fb4                USBH_LL_Init
 .text.USBH_LL_Start
                0x0801702c       0x36 ./USB_HOST/Target/usbh_conf.o
                0x0801702c                USBH_LL_Start
 .text.USBH_LL_Stop
                0x08017062       0x36 ./USB_HOST/Target/usbh_conf.o
                0x08017062                USBH_LL_Stop
 .text.USBH_LL_GetSpeed
                0x08017098       0x4e ./USB_HOST/Target/usbh_conf.o
                0x08017098                USBH_LL_GetSpeed
 .text.USBH_LL_ResetPort
                0x080170e6       0x36 ./USB_HOST/Target/usbh_conf.o
                0x080170e6                USBH_LL_ResetPort
 .text.USBH_LL_OpenPipe
                0x0801711c       0x5e ./USB_HOST/Target/usbh_conf.o
                0x0801711c                USBH_LL_OpenPipe
 .text.USBH_LL_ClosePipe
                0x0801717a       0x3e ./USB_HOST/Target/usbh_conf.o
                0x0801717a                USBH_LL_ClosePipe
 .text.USBH_LL_SubmitURB
                0x080171b8       0x62 ./USB_HOST/Target/usbh_conf.o
                0x080171b8                USBH_LL_SubmitURB
 .text.USBH_LL_GetURBState
                0x0801721a       0x26 ./USB_HOST/Target/usbh_conf.o
                0x0801721a                USBH_LL_GetURBState
 .text.USBH_LL_DriverVBUS
                0x08017240       0x2e ./USB_HOST/Target/usbh_conf.o
                0x08017240                USBH_LL_DriverVBUS
 .text.USBH_LL_SetToggle
                0x0801726e       0x5e ./USB_HOST/Target/usbh_conf.o
                0x0801726e                USBH_LL_SetToggle
 .text.USBH_Delay
                0x080172cc       0x16 ./USB_HOST/Target/usbh_conf.o
                0x080172cc                USBH_Delay
 *fill*         0x080172e2        0x2 
 .text.USBH_Get_USB_Status
                0x080172e4       0x58 ./USB_HOST/Target/usbh_conf.o
                0x080172e4                USBH_Get_USB_Status
 .text.MX_DriverVbusFS
                0x0801733c       0x38 ./USB_HOST/Target/usbh_platform.o
                0x0801733c                MX_DriverVbusFS
 .text.malloc   0x08017374       0x10 C:/ST/STM32CubeIDE_2.1.0/STM32CubeIDE/plugins/com.st.stm32cube.ide.mcu.externaltools.gnu-tools-for-stm32.14.3.rel1.win32_1.0.100.202602081740/tools/bin/../lib/gcc/arm-none-eabi/14.3.1/../../../../arm-none-eabi/lib/thumb/v7e-m/nofp\libc_nano.a(libc_a-malloc.o)
                0x08017374                malloc
 .text.free     0x08017384       0x10 C:/ST/STM32CubeIDE_2.1.0/STM32CubeIDE/plugins/com.st.stm32cube.ide.mcu.externaltools.gnu-tools-for-stm32.14.3.rel1.win32_1.0.100.202602081740/tools/bin/../lib/gcc/arm-none-eabi/14.3.1/../../../../arm-none-eabi/lib/thumb/v7e-m/nofp\libc_nano.a(libc_a-malloc.o)
                0x08017384                free
 .text.sbrk_aligned
                0x08017394       0x44 C:/ST/STM32CubeIDE_2.1.0/STM32CubeIDE/plugins/com.st.stm32cube.ide.mcu.externaltools.gnu-tools-for-stm32.14.3.rel1.win32_1.0.100.202602081740/tools/bin/../lib/gcc/arm-none-eabi/14.3.1/../../../../arm-none-eabi/lib/thumb/v7e-m/nofp\libc_nano.a(libc_a-mallocr.o)
 .text._malloc_r
                0x080173d8      0x100 C:/ST/STM32CubeIDE_2.1.0/STM32CubeIDE/plugins/com.st.stm32cube.ide.mcu.externaltools.gnu-tools-for-stm32.14.3.rel1.win32_1.0.100.202602081740/tools/bin/../lib/gcc/arm-none-eabi/14.3.1/../../../../arm-none-eabi/lib/thumb/v7e-m/nofp\libc_nano.a(libc_a-mallocr.o)
                0x080173d8                _malloc_r
 .text.__malloc_lock
                0x080174d8        0xc C:/ST/STM32CubeIDE_2.1.0/STM32CubeIDE/plugins/com.st.stm32cube.ide.mcu.externaltools.gnu-tools-for-stm32.14.3.rel1.win32_1.0.100.202602081740/tools/bin/../lib/gcc/arm-none-eabi/14.3.1/../../../../arm-none-eabi/lib/thumb/v7e-m/nofp\libc_nano.a(libc_a-mlock.o)
                0x080174d8                __malloc_lock
 .text.__malloc_unlock
                0x080174e4        0xc C:/ST/STM32CubeIDE_2.1.0/STM32CubeIDE/plugins/com.st.stm32cube.ide.mcu.externaltools.gnu-tools-for-stm32.14.3.rel1.win32_1.0.100.202602081740/tools/bin/../lib/gcc/arm-none-eabi/14.3.1/../../../../arm-none-eabi/lib/thumb/v7e-m/nofp\libc_nano.a(libc_a-mlock.o)
                0x080174e4                __malloc_unlock
 .text.sprintf  0x080174f0       0x44 C:/ST/STM32CubeIDE_2.1.0/STM32CubeIDE/plugins/com.st.stm32cube.ide.mcu.externaltools.gnu-tools-for-stm32.14.3.rel1.win32_1.0.100.202602081740/tools/bin/../lib/gcc/arm-none-eabi/14.3.1/../../../../arm-none-eabi/lib/thumb/v7e-m/nofp\libc_nano.a(libc_a-sprintf.o)
                0x080174f0                siprintf
                0x080174f0                sprintf
 .text.memmove  0x08017534       0x32 C:/ST/STM32CubeIDE_2.1.0/STM32CubeIDE/plugins/com.st.stm32cube.ide.mcu.externaltools.gnu-tools-for-stm32.14.3.rel1.win32_1.0.100.202602081740/tools/bin/../lib/gcc/arm-none-eabi/14.3.1/../../../../arm-none-eabi/lib/thumb/v7e-m/nofp\libc_nano.a(libc_a-memmove.o)
                0x08017534                memmove
 .text.memset   0x08017566       0x10 C:/ST/STM32CubeIDE_2.1.0/STM32CubeIDE/plugins/com.st.stm32cube.ide.mcu.externaltools.gnu-tools-for-stm32.14.3.rel1.win32_1.0.100.202602081740/tools/bin/../lib/gcc/arm-none-eabi/14.3.1/../../../../arm-none-eabi/lib/thumb/v7e-m/nofp\libc_nano.a(libc_a-memset.o)
                0x08017566                memset
 .text.strstr   0x08017576       0x2c C:/ST/STM32CubeIDE_2.1.0/STM32CubeIDE/plugins/com.st.stm32cube.ide.mcu.externaltools.gnu-tools-for-stm32.14.3.rel1.win32_1.0.100.202602081740/tools/bin/../lib/gcc/arm-none-eabi/14.3.1/../../../../arm-none-eabi/lib/thumb/v7e-m/nofp\libc_nano.a(libc_a-strstr.o)
                0x08017576                strstr
 *fill*         0x080175a2        0x2 
 .text._sbrk_r  0x080175a4       0x20 C:/ST/STM32CubeIDE_2.1.0/STM32CubeIDE/plugins/com.st.stm32cube.ide.mcu.externaltools.gnu-tools-for-stm32.14.3.rel1.win32_1.0.100.202602081740/tools/bin/../lib/gcc/arm-none-eabi/14.3.1/../../../../arm-none-eabi/lib/thumb/v7e-m/nofp\libc_nano.a(libc_a-sbrkr.o)
                0x080175a4                _sbrk_r
 .text.__errno  0x080175c4        0xc C:/ST/STM32CubeIDE_2.1.0/STM32CubeIDE/plugins/com.st.stm32cube.ide.mcu.externaltools.gnu-tools-for-stm32.14.3.rel1.win32_1.0.100.202602081740/tools/bin/../lib/gcc/arm-none-eabi/14.3.1/../../../../arm-none-eabi/lib/thumb/v7e-m/nofp\libc_nano.a(libc_a-errno.o)
                0x080175c4                __errno
 .text.__libc_init_array
                0x080175d0       0x48 C:/ST/STM32CubeIDE_2.1.0/STM32CubeIDE/plugins/com.st.stm32cube.ide.mcu.externaltools.gnu-tools-for-stm32.14.3.rel1.win32_1.0.100.202602081740/tools/bin/../lib/gcc/arm-none-eabi/14.3.1/../../../../arm-none-eabi/lib/thumb/v7e-m/nofp\libc_nano.a(libc_a-init.o)
                0x080175d0                __libc_init_array
 .text.__retarget_lock_acquire_recursive
                0x08017618        0x2 C:/ST/STM32CubeIDE_2.1.0/STM32CubeIDE/plugins/com.st.stm32cube.ide.mcu.externaltools.gnu-tools-for-stm32.14.3.rel1.win32_1.0.100.202602081740/tools/bin/../lib/gcc/arm-none-eabi/14.3.1/../../../../arm-none-eabi/lib/thumb/v7e-m/nofp\libc_nano.a(libc_a-lock.o)
                0x08017618                __retarget_lock_acquire_recursive
 .text.__retarget_lock_release_recursive
                0x0801761a        0x2 C:/ST/STM32CubeIDE_2.1.0/STM32CubeIDE/plugins/com.st.stm32cube.ide.mcu.externaltools.gnu-tools-for-stm32.14.3.rel1.win32_1.0.100.202602081740/tools/bin/../lib/gcc/arm-none-eabi/14.3.1/../../../../arm-none-eabi/lib/thumb/v7e-m/nofp\libc_nano.a(libc_a-lock.o)
                0x0801761a                __retarget_lock_release_recursive
 .text.memcpy   0x0801761c       0x1c C:/ST/STM32CubeIDE_2.1.0/STM32CubeIDE/plugins/com.st.stm32cube.ide.mcu.externaltools.gnu-tools-for-stm32.14.3.rel1.win32_1.0.100.202602081740/tools/bin/../lib/gcc/arm-none-eabi/14.3.1/../../../../arm-none-eabi/lib/thumb/v7e-m/nofp\libc_nano.a(libc_a-memcpy-stub.o)
                0x0801761c                memcpy
 .text._free_r  0x08017638       0x94 C:/ST/STM32CubeIDE_2.1.0/STM32CubeIDE/plugins/com.st.stm32cube.ide.mcu.externaltools.gnu-tools-for-stm32.14.3.rel1.win32_1.0.100.202602081740/tools/bin/../lib/gcc/arm-none-eabi/14.3.1/../../../../arm-none-eabi/lib/thumb/v7e-m/nofp\libc_nano.a(libc_a-freer.o)
                0x08017638                _free_r
 .text.__ssputs_r
                0x080176cc       0xc0 C:/ST/STM32CubeIDE_2.1.0/STM32CubeIDE/plugins/com.st.stm32cube.ide.mcu.externaltools.gnu-tools-for-stm32.14.3.rel1.win32_1.0.100.202602081740/tools/bin/../lib/gcc/arm-none-eabi/14.3.1/../../../../arm-none-eabi/lib/thumb/v7e-m/nofp\libc_nano.a(libc_a-nano-svfprintf.o)
                0x080176cc                __ssputs_r
 .text._svfprintf_r